core_cm3.h:1640:22:__NVIC_SetPriority	16	static
core_cm3.h:1838:26:SysTick_Config	16	static
CortexMX_OS_porting.c:15:7:HardFault_Handler	4	static
CortexMX_OS_porting.c:19:7:MemManage_Handler	4	static
CortexMX_OS_porting.c:23:7:BusFault_Handler	4	static
CortexMX_OS_porting.c:27:7:UsageFault_Handler	4	static
CortexMX_OS_porting.c:32:29:SVC_Handler	0	static,ignoring_inline_asm
CortexMX_OS_porting.c:41:6:HW_init	8	static
CortexMX_OS_porting.c:62:6:trigger_OS_PendSV	4	static
CortexMX_OS_porting.c:68:6:Start_Tiker	8	static
CortexMX_OS_porting.c:74:6:SysTick_Handler	8	static
