
Allocating common symbols
Common symbol       size              file

bss_variables       0x3               main.o

Memory Configuration

Name             Origin             Length             Attributes
flash            0x08000000         0x00020000         xr
sram             0x20000000         0x00005000         xrw
*default*        0x00000000         0xffffffff

Linker script and memory map


.text           0x08000000      0x133
 *(.vectors*)
 .vectors       0x08000000       0x50 startup.o
 *(.text*)
 .text          0x08000050       0xd4 main.o
                0x08000050                main
 .text          0x08000124        0xc startup.o
 *(.rodata)
 .rodata        0x08000130        0x3 main.o
                0x08000130                const_variables
                0x08000133                _E_text = .

.glue_7         0x08000134        0x0
 .glue_7        0x08000134        0x0 linker stubs

.glue_7t        0x08000134        0x0
 .glue_7t       0x08000134        0x0 linker stubs

.vfp11_veneer   0x08000134        0x0
 .vfp11_veneer  0x08000134        0x0 linker stubs

.v4_bx          0x08000134        0x0
 .v4_bx         0x08000134        0x0 linker stubs

.iplt           0x08000134        0x0
 .iplt          0x08000134        0x0 main.o

.rel.dyn        0x08000134        0x0
 .rel.iplt      0x08000134        0x0 main.o

.data           0x08000134        0x8
                0x08000134                _S_DATA = .
 *(.data)
 .data          0x08000134        0x7 main.o
                0x08000134                R_ODR
                0x08000138                g_variables
 .data          0x0800013b        0x0 startup.o
                0x0800013c                . = ALIGN (0x4)
 *fill*         0x0800013b        0x1 
                0x0800013c                _E_DATA = .

.igot.plt       0x0800013c        0x0
 .igot.plt      0x0800013c        0x0 main.o

.bss            0x20000000     0x1003
                0x20000000                _S_bss = .
 *(.bss*)
 .bss           0x20000000        0x0 main.o
 .bss           0x20000000        0x0 startup.o
                0x20000000                _E_bss = .
                0x20000000                . = ALIGN (0x4)
                0x20001000                . = (. + 0x1000)
 *fill*         0x20000000     0x1000 
                0x20001000                _stack_top = .
 COMMON         0x20001000        0x3 main.o
                0x20001000                bss_variables
LOAD main.o
LOAD startup.o
OUTPUT(learn_in_depth_cortex_m3.elf elf32-littlearm)

.comment        0x00000000       0x7e
 .comment       0x00000000       0x7e main.o
                                 0x7f (size before relaxing)

.ARM.attributes
                0x00000000       0x2e
 .ARM.attributes
                0x00000000       0x30 main.o
 .ARM.attributes
                0x00000030       0x16 startup.o
