STM32_F103C6_USART_Driver.c:64:6:MCAL_UART_Init	24	static
STM32_F103C6_USART_Driver.c:160:6:MCAL_UART_DeInit	16	static
STM32_F103C6_USART_Driver.c:194:6:MCAL_UART_SendData	24	static
STM32_F103C6_USART_Driver.c:221:6:MCAL_UART_ReceiveData	24	static
STM32_F103C6_USART_Driver.c:258:6:MCAL_UART_WAIT_TC	16	static
STM32_F103C6_USART_Driver.c:275:6:MCAL_UART_GPIO_set_pins	24	static
STM32_F103C6_USART_Driver.c:395:6:USART1_IRQHandler	8	static
STM32_F103C6_USART_Driver.c:401:6:USART2_IRQHandler	8	static
STM32_F103C6_USART_Driver.c:407:6:USART3_IRQHandler	8	static
