
Allocating common symbols
Common symbol       size              file

STKCallBack         0x4               STK_program.o
AlarmMonitor_state  0x4               AlarmMonitor.o
PressureSensor_state
                    0x4               Pressure_Sensor_Driver.o
PressureSensor_state_id
                    0x1               Pressure_Sensor_Driver.o
MainAlgorithm_state
                    0x4               MainAlgorithm.o
AlarmActuatorDriver_state
                    0x4               Alarm_Actuator_Driver.o
AlarmMonitor_state_id
                    0x1               main.o
MainAlgorithm_state_id
                    0x1               MainAlgorithm.o
AlarmActuatorDriver_state_id
                    0x1               main.o

Memory Configuration

Name             Origin             Length             Attributes
flash            0x08000000         0x00020000         xr
sram             0x20000000         0x00005000         xrw
*default*        0x00000000         0xffffffff

Linker script and memory map


.text           0x08000000     0x16fc
 *(.vectors*)
 .vectors       0x08000000       0x1c startup.o
                0x08000000                vectors
 *(.text*)
 .text          0x0800001c      0xdc4 GPIO_progam.o
                0x0800001c                MGPIO_voidSetPinDir
                0x08000260                MGPIO_voidSetPinVal
                0x08000394                MGPIO_voidGetPinVal
                0x08000410                MGPIO_voidSetByteDir
                0x080004c0                MGPIO_voidSetByteVal
                0x08000658                MGPIO_voidTogglePin
                0x080006e8                MGPIO_voidSetNibbleDir
                0x08000a14                MGPIO_voidSetNibbleVal
                0x08000d18                MGPIO_voidGetByteVal
 .text          0x08000de0       0xbc startup.o
                0x08000de0                H_Fault_Handler
                0x08000de0                MM_Fault_Handler
                0x08000de0                Usage_Fault_Handler
                0x08000de0                Bus_Fault
                0x08000de0                Default_Handler
                0x08000de0                NMI_Handler
                0x08000dec                Reset_Handler
 .text          0x08000e9c       0x70 MainAlgorithm.o
                0x08000e9c                PressureSensorDriver_setPressureVal
                0x08000ebc                ST_MainAlgorithm_HighPressureDetect
 .text          0x08000f0c      0x244 RCC_program.o
                0x08000f0c                RCC_voidEnableCLKs
                0x08000f60                RCC_voidSetSystemClk
                0x08000f9c                RCC_voidSetMCOSource
                0x08000ff0                RCC_voidInitSystemClk
                0x0800101c                RCC_u8EnableClock
                0x080010b0                RCC_u8DisableClock
 .text          0x08001150       0x68 Pressure_Sensor_Driver.o
                0x08001150                PressureSensor_init
                0x08001168                ST_PressureSensor_Reading
 .text          0x080011b8       0xa8 main.o
                0x080011b8                HW_voidInit
                0x080011d4                setup
                0x08001230                main
 .text          0x08001260      0x300 STK_program.o
                0x08001260                MSTK_voidInit
                0x080012c0                MSTK_voidSetBusyWait
                0x08001358                MSTK_voidResetTimerVal
                0x08001374                MSTK_voidStopTimer
                0x080013a0                MSTK_voidSetIntervalSingle
                0x0800144c                MSTK_voidSetIntervalPeriodic
                0x080014cc                MSTK_u32GetElapsedTime
                0x080014fc                MSTK_u32GetRemainingTime
                0x08001520                SysTick_Handler
 .text          0x08001560       0xbc Alarm_Actuator_Driver.o
                0x08001560                AlarmActuatorDriver_init
                0x08001578                AlarmMonitor_StartAlarm
                0x0800159c                AlarmMonitor_StopAlarm
                0x080015c0                ST_AlarmActuatorDriver_ON
                0x080015e8                ST_AlarmActuatorDriver_OFF
                0x08001610                ST_AlarmActuatorDriver_Waiting
 .text          0x0800161c       0xe0 AlarmMonitor.o
                0x0800161c                MainAlgorithm_HighPressureDetected
                0x08001668                ST_AlarmMonitor_ON
                0x08001698                ST_AlarmMonitor_OFF
                0x080016c4                ST_AlarmMonitor_Waiting
 *(.rodata)
                0x080016fc                _E_text = .

.glue_7         0x080016fc        0x0
 .glue_7        0x00000000        0x0 linker stubs

.glue_7t        0x080016fc        0x0
 .glue_7t       0x00000000        0x0 linker stubs

.vfp11_veneer   0x080016fc        0x0
 .vfp11_veneer  0x00000000        0x0 linker stubs

.v4_bx          0x080016fc        0x0
 .v4_bx         0x00000000        0x0 linker stubs

.iplt           0x080016fc        0x0
 .iplt          0x00000000        0x0 GPIO_progam.o

.rel.dyn        0x080016fc        0x0
 .rel.iplt      0x00000000        0x0 GPIO_progam.o

.data           0x20000000        0x8 load address 0x080016fc
                0x20000000                _S_DATA = .
 *(.data)
 .data          0x20000000        0x0 GPIO_progam.o
 .data          0x20000000        0x0 startup.o
 .data          0x20000000        0x4 MainAlgorithm.o
 .data          0x20000004        0x0 RCC_program.o
 .data          0x20000004        0x0 Pressure_Sensor_Driver.o
 .data          0x20000004        0x0 main.o
 .data          0x20000004        0x4 STK_program.o
                0x20000004                STK
 .data          0x20000008        0x0 Alarm_Actuator_Driver.o
 .data          0x20000008        0x0 AlarmMonitor.o
                0x20000008                . = ALIGN (0x4)
                0x20000008                _E_DATA = .

.igot.plt       0x20000008        0x0 load address 0x08001704
 .igot.plt      0x00000000        0x0 GPIO_progam.o

.bss            0x20000008     0x1028 load address 0x08001704
                0x20000008                _S_bss = .
 *(.bss*)
 .bss           0x20000008        0x0 GPIO_progam.o
 .bss           0x20000008        0x0 startup.o
 .bss           0x20000008        0x4 MainAlgorithm.o
 .bss           0x2000000c        0x0 RCC_program.o
 .bss           0x2000000c        0x4 Pressure_Sensor_Driver.o
 .bss           0x20000010        0x0 main.o
 .bss           0x20000010        0x1 STK_program.o
                0x20000010                Gobal_u8IntervalMode
 .bss           0x20000011        0x0 Alarm_Actuator_Driver.o
 .bss           0x20000011        0x0 AlarmMonitor.o
                0x20000011                _E_bss = .
                0x20000014                . = ALIGN (0x4)
 *fill*         0x20000011        0x3 
                0x20001014                . = (. + 0x1000)
 *fill*         0x20000014     0x1000 
                0x20001014                _stack_top = .
 COMMON         0x20001014        0x5 MainAlgorithm.o
                0x20001014                MainAlgorithm_state
                0x20001018                MainAlgorithm_state_id
 *fill*         0x20001019        0x3 
 COMMON         0x2000101c        0x5 Pressure_Sensor_Driver.o
                0x2000101c                PressureSensor_state
                0x20001020                PressureSensor_state_id
 COMMON         0x20001021        0x2 main.o
                0x20001021                AlarmMonitor_state_id
                0x20001022                AlarmActuatorDriver_state_id
 *fill*         0x20001023        0x1 
 COMMON         0x20001024        0x4 STK_program.o
                0x20001024                STKCallBack
 COMMON         0x20001028        0x4 Alarm_Actuator_Driver.o
                0x20001028                AlarmActuatorDriver_state
 COMMON         0x2000102c        0x4 AlarmMonitor.o
                0x2000102c                AlarmMonitor_state
LOAD GPIO_progam.o
LOAD startup.o
LOAD MainAlgorithm.o
LOAD RCC_program.o
LOAD Pressure_Sensor_Driver.o
LOAD main.o
LOAD STK_program.o
LOAD Alarm_Actuator_Driver.o
LOAD AlarmMonitor.o
OUTPUT(learn_in_depth_Project1.elf elf32-littlearm)

.debug_info     0x00000000      0xe0b
 .debug_info    0x00000000      0x2db GPIO_progam.o
 .debug_info    0x000002db      0x168 startup.o
 .debug_info    0x00000443      0x12f MainAlgorithm.o
 .debug_info    0x00000572      0x127 RCC_program.o
 .debug_info    0x00000699      0x100 Pressure_Sensor_Driver.o
 .debug_info    0x00000799      0x19c main.o
 .debug_info    0x00000935      0x243 STK_program.o
 .debug_info    0x00000b78      0x145 Alarm_Actuator_Driver.o
 .debug_info    0x00000cbd      0x14e AlarmMonitor.o

.debug_abbrev   0x00000000      0x6a1
 .debug_abbrev  0x00000000       0xd2 GPIO_progam.o
 .debug_abbrev  0x000000d2       0xc2 startup.o
 .debug_abbrev  0x00000194       0xb4 MainAlgorithm.o
 .debug_abbrev  0x00000248       0x9d RCC_program.o
 .debug_abbrev  0x000002e5       0x98 Pressure_Sensor_Driver.o
 .debug_abbrev  0x0000037d       0xa7 main.o
 .debug_abbrev  0x00000424      0x121 STK_program.o
 .debug_abbrev  0x00000545       0xaa Alarm_Actuator_Driver.o
 .debug_abbrev  0x000005ef       0xb2 AlarmMonitor.o

.debug_loc      0x00000000      0x848
 .debug_loc     0x00000000      0x1f8 GPIO_progam.o
 .debug_loc     0x000001f8       0x64 startup.o
 .debug_loc     0x0000025c       0x64 MainAlgorithm.o
 .debug_loc     0x000002c0      0x120 RCC_program.o
 .debug_loc     0x000003e0       0x58 Pressure_Sensor_Driver.o
 .debug_loc     0x00000438       0x84 main.o
 .debug_loc     0x000004bc      0x1c8 STK_program.o
 .debug_loc     0x00000684      0x108 Alarm_Actuator_Driver.o
 .debug_loc     0x0000078c       0xbc AlarmMonitor.o

.debug_aranges  0x00000000      0x120
 .debug_aranges
                0x00000000       0x20 GPIO_progam.o
 .debug_aranges
                0x00000020       0x20 startup.o
 .debug_aranges
                0x00000040       0x20 MainAlgorithm.o
 .debug_aranges
                0x00000060       0x20 RCC_program.o
 .debug_aranges
                0x00000080       0x20 Pressure_Sensor_Driver.o
 .debug_aranges
                0x000000a0       0x20 main.o
 .debug_aranges
                0x000000c0       0x20 STK_program.o
 .debug_aranges
                0x000000e0       0x20 Alarm_Actuator_Driver.o
 .debug_aranges
                0x00000100       0x20 AlarmMonitor.o

.debug_line     0x00000000      0x66c
 .debug_line    0x00000000      0x227 GPIO_progam.o
 .debug_line    0x00000227       0xae startup.o
 .debug_line    0x000002d5       0x66 MainAlgorithm.o
 .debug_line    0x0000033b       0x7d RCC_program.o
 .debug_line    0x000003b8       0x7b Pressure_Sensor_Driver.o
 .debug_line    0x00000433       0xb5 main.o
 .debug_line    0x000004e8       0x9b STK_program.o
 .debug_line    0x00000583       0x76 Alarm_Actuator_Driver.o
 .debug_line    0x000005f9       0x73 AlarmMonitor.o

.debug_str      0x00000000      0x848
 .debug_str     0x00000000      0x1e7 GPIO_progam.o
                                0x20e (size before relaxing)
 .debug_str     0x000001e7       0xb7 startup.o
                                0x162 (size before relaxing)
 .debug_str     0x0000029e       0xec MainAlgorithm.o
                                0x1db (size before relaxing)
 .debug_str     0x0000038a       0xa0 RCC_program.o
                                0x13e (size before relaxing)
 .debug_str     0x0000042a       0x9c Pressure_Sensor_Driver.o
                                0x17a (size before relaxing)
 .debug_str     0x000004c6       0xf9 main.o
                                0x265 (size before relaxing)
 .debug_str     0x000005bf      0x14f STK_program.o
                                0x1ed (size before relaxing)
 .debug_str     0x0000070e       0xb4 Alarm_Actuator_Driver.o
                                0x211 (size before relaxing)
 .debug_str     0x000007c2       0x86 AlarmMonitor.o
                                0x1e5 (size before relaxing)

.comment        0x00000000       0x11
 .comment       0x00000000       0x11 GPIO_progam.o
                                 0x12 (size before relaxing)
 .comment       0x00000000       0x12 startup.o
 .comment       0x00000000       0x12 MainAlgorithm.o
 .comment       0x00000000       0x12 RCC_program.o
 .comment       0x00000000       0x12 Pressure_Sensor_Driver.o
 .comment       0x00000000       0x12 main.o
 .comment       0x00000000       0x12 STK_program.o
 .comment       0x00000000       0x12 Alarm_Actuator_Driver.o
 .comment       0x00000000       0x12 AlarmMonitor.o

.ARM.attributes
                0x00000000       0x33
 .ARM.attributes
                0x00000000       0x33 GPIO_progam.o
 .ARM.attributes
                0x00000033       0x33 startup.o
 .ARM.attributes
                0x00000066       0x33 MainAlgorithm.o
 .ARM.attributes
                0x00000099       0x33 RCC_program.o
 .ARM.attributes
                0x000000cc       0x33 Pressure_Sensor_Driver.o
 .ARM.attributes
                0x000000ff       0x33 main.o
 .ARM.attributes
                0x00000132       0x33 STK_program.o
 .ARM.attributes
                0x00000165       0x33 Alarm_Actuator_Driver.o
 .ARM.attributes
                0x00000198       0x33 AlarmMonitor.o

.debug_frame    0x00000000      0x52c
 .debug_frame   0x00000000      0x10c GPIO_progam.o
 .debug_frame   0x0000010c       0x4c startup.o
 .debug_frame   0x00000158       0x48 MainAlgorithm.o
 .debug_frame   0x000001a0       0xac RCC_program.o
 .debug_frame   0x0000024c       0x48 Pressure_Sensor_Driver.o
 .debug_frame   0x00000294       0x64 main.o
 .debug_frame   0x000002f8      0x100 STK_program.o
 .debug_frame   0x000003f8       0xb4 Alarm_Actuator_Driver.o
 .debug_frame   0x000004ac       0x80 AlarmMonitor.o
