Archive member included to satisfy reference by file (symbol)

c:/st/stm32cubeide_1.4.0/stm32cubeide/plugins/com.st.stm32cube.ide.mcu.externaltools.gnu-tools-for-stm32.7-2018-q2-update.win32_1.4.0.202007081208/tools/bin/../lib/gcc/arm-none-eabi/7.3.1/../../../../arm-none-eabi/lib/thumb/v7-m\libc_nano.a(lib_a-errno.o)
                              Src/syscalls.o (__errno)
c:/st/stm32cubeide_1.4.0/stm32cubeide/plugins/com.st.stm32cube.ide.mcu.externaltools.gnu-tools-for-stm32.7-2018-q2-update.win32_1.4.0.202007081208/tools/bin/../lib/gcc/arm-none-eabi/7.3.1/../../../../arm-none-eabi/lib/thumb/v7-m\libc_nano.a(lib_a-exit.o)
                              c:/st/stm32cubeide_1.4.0/stm32cubeide/plugins/com.st.stm32cube.ide.mcu.externaltools.gnu-tools-for-stm32.7-2018-q2-update.win32_1.4.0.202007081208/tools/bin/../lib/gcc/arm-none-eabi/7.3.1/../../../../arm-none-eabi/lib/thumb/v7-m/crt0.o (exit)
c:/st/stm32cubeide_1.4.0/stm32cubeide/plugins/com.st.stm32cube.ide.mcu.externaltools.gnu-tools-for-stm32.7-2018-q2-update.win32_1.4.0.202007081208/tools/bin/../lib/gcc/arm-none-eabi/7.3.1/../../../../arm-none-eabi/lib/thumb/v7-m\libc_nano.a(lib_a-impure.o)
                              c:/st/stm32cubeide_1.4.0/stm32cubeide/plugins/com.st.stm32cube.ide.mcu.externaltools.gnu-tools-for-stm32.7-2018-q2-update.win32_1.4.0.202007081208/tools/bin/../lib/gcc/arm-none-eabi/7.3.1/../../../../arm-none-eabi/lib/thumb/v7-m\libc_nano.a(lib_a-exit.o) (_global_impure_ptr)
c:/st/stm32cubeide_1.4.0/stm32cubeide/plugins/com.st.stm32cube.ide.mcu.externaltools.gnu-tools-for-stm32.7-2018-q2-update.win32_1.4.0.202007081208/tools/bin/../lib/gcc/arm-none-eabi/7.3.1/../../../../arm-none-eabi/lib/thumb/v7-m\libc_nano.a(lib_a-init.o)
                              c:/st/stm32cubeide_1.4.0/stm32cubeide/plugins/com.st.stm32cube.ide.mcu.externaltools.gnu-tools-for-stm32.7-2018-q2-update.win32_1.4.0.202007081208/tools/bin/../lib/gcc/arm-none-eabi/7.3.1/../../../../arm-none-eabi/lib/thumb/v7-m/crt0.o (__libc_init_array)
c:/st/stm32cubeide_1.4.0/stm32cubeide/plugins/com.st.stm32cube.ide.mcu.externaltools.gnu-tools-for-stm32.7-2018-q2-update.win32_1.4.0.202007081208/tools/bin/../lib/gcc/arm-none-eabi/7.3.1/../../../../arm-none-eabi/lib/thumb/v7-m\libc_nano.a(lib_a-memset.o)
                              c:/st/stm32cubeide_1.4.0/stm32cubeide/plugins/com.st.stm32cube.ide.mcu.externaltools.gnu-tools-for-stm32.7-2018-q2-update.win32_1.4.0.202007081208/tools/bin/../lib/gcc/arm-none-eabi/7.3.1/../../../../arm-none-eabi/lib/thumb/v7-m/crt0.o (memset)
c:/st/stm32cubeide_1.4.0/stm32cubeide/plugins/com.st.stm32cube.ide.mcu.externaltools.gnu-tools-for-stm32.7-2018-q2-update.win32_1.4.0.202007081208/tools/bin/../lib/gcc/arm-none-eabi/7.3.1/../../../../arm-none-eabi/lib/thumb/v7-m\libc_nano.a(lib_a-strcmp.o)
                              MY_RTOS/Scheduler.o (strcmp)

Allocating common symbols
Common symbol       size              file

pFun                0xc               STM32_F103C6_Drivers/STM32_F103C6_USART_Driver.o
Global_SPI_Config2  0x18              STM32_F103C6_Drivers/STM32_F103C6_SPI_Driver.o
pinconfig           0x4               HAL_Layer_Driver/KEYPAD_Driver/keypad.o
SysTickLED          0x1               MY_RTOS/CortexMX_OS_porting.o
OS_Control          0x1ac             MY_RTOS/Scheduler.o
Task1               0x44              Src/main.o
Task4LED            0x1               Src/main.o
Ready_QUEUE         0x14              MY_RTOS/Scheduler.o
MYRTOS_idleTask     0x44              MY_RTOS/Scheduler.o
Task2LED            0x1               Src/main.o
Task3               0x44              Src/main.o
Task1LED            0x1               Src/main.o
PinCfg              0x4               HAL_Layer_Driver/LCD_Driver/lcd.o
Global_SPI_Config1  0x18              STM32_F103C6_Drivers/STM32_F103C6_SPI_Driver.o
Task2               0x44              Src/main.o
IdleTaskLed         0x1               MY_RTOS/Scheduler.o
GP_IRQ_CallBack     0x3c              STM32_F103C6_Drivers/STM32_F103C6_EXTI_Driver.o
Ready_QUEUE_FIFO    0x190             MY_RTOS/Scheduler.o
Task3LED            0x1               Src/main.o

Discarded input sections

 .text          0x0000000000000000        0x0 c:/st/stm32cubeide_1.4.0/stm32cubeide/plugins/com.st.stm32cube.ide.mcu.externaltools.gnu-tools-for-stm32.7-2018-q2-update.win32_1.4.0.202007081208/tools/bin/../lib/gcc/arm-none-eabi/7.3.1/thumb/v7-m/crti.o
 .data          0x0000000000000000        0x0 c:/st/stm32cubeide_1.4.0/stm32cubeide/plugins/com.st.stm32cube.ide.mcu.externaltools.gnu-tools-for-stm32.7-2018-q2-update.win32_1.4.0.202007081208/tools/bin/../lib/gcc/arm-none-eabi/7.3.1/thumb/v7-m/crti.o
 .bss           0x0000000000000000        0x0 c:/st/stm32cubeide_1.4.0/stm32cubeide/plugins/com.st.stm32cube.ide.mcu.externaltools.gnu-tools-for-stm32.7-2018-q2-update.win32_1.4.0.202007081208/tools/bin/../lib/gcc/arm-none-eabi/7.3.1/thumb/v7-m/crti.o
[...]
Memory Configuration

Name             Origin             Length             Attributes
RAM              0x0000000020000000 0x0000000000002800 xrw
ROM              0x0000000008000000 0x0000000000008000 xr
*default*        0x0000000000000000 0xffffffffffffffff

Linker script and memory map

LOAD c:/st/stm32cubeide_1.4.0/stm32cubeide/plugins/com.st.stm32cube.ide.mcu.externaltools.gnu-tools-for-stm32.7-2018-q2-update.win32_1.4.0.202007081208/tools/bin/../lib/gcc/arm-none-eabi/7.3.1/thumb/v7-m/crti.o
LOAD c:/st/stm32cubeide_1.4.0/stm32cubeide/plugins/com.st.stm32cube.ide.mcu.externaltools.gnu-tools-for-stm32.7-2018-q2-update.win32_1.4.0.202007081208/tools/bin/../lib/gcc/arm-none-eabi/7.3.1/thumb/v7-m/crtbegin.o
LOAD c:/st/stm32cubeide_1.4.0/stm32cubeide/plugins/com.st.stm32cube.ide.mcu.externaltools.gnu-tools-for-stm32.7-2018-q2-update.win32_1.4.0.202007081208/tools/bin/../lib/gcc/arm-none-eabi/7.3.1/../../../../arm-none-eabi/lib/thumb/v7-m/crt0.o
LOAD HAL_Layer_Driver/I2C_EEPROM_Slave/I2C_EEPROM_Slave.o
LOAD HAL_Layer_Driver/KEYPAD_Driver/keypad.o
LOAD HAL_Layer_Driver/LCD_Driver/lcd.o
LOAD MY_RTOS/CortexMX_OS_porting.o
LOAD MY_RTOS/MYRTOS_FIFO.o
LOAD MY_RTOS/Scheduler.o
LOAD STM32_F103C6_Drivers/STM32_F103C6_EXTI_Driver.o
LOAD STM32_F103C6_Drivers/STM32_F103C6_GPIO_Driver.o
LOAD STM32_F103C6_Drivers/STM32_F103C6_I2C_Driver.o
LOAD STM32_F103C6_Drivers/STM32_F103C6_RCC_Driver.o
LOAD STM32_F103C6_Drivers/STM32_F103C6_SPI_Driver.o
LOAD STM32_F103C6_Drivers/STM32_F103C6_USART_Driver.o
LOAD Src/main.o
LOAD Src/syscalls.o
LOAD Src/sysmem.o
LOAD Startup/startup_stm32f103c6tx.o
START GROUP
LOAD c:/st/stm32cubeide_1.4.0/stm32cubeide/plugins/com.st.stm32cube.ide.mcu.externaltools.gnu-tools-for-stm32.7-2018-q2-update.win32_1.4.0.202007081208/tools/bin/../lib/gcc/arm-none-eabi/7.3.1/../../../../arm-none-eabi/lib/thumb/v7-m\libc_nano.a
LOAD c:/st/stm32cubeide_1.4.0/stm32cubeide/plugins/com.st.stm32cube.ide.mcu.externaltools.gnu-tools-for-stm32.7-2018-q2-update.win32_1.4.0.202007081208/tools/bin/../lib/gcc/arm-none-eabi/7.3.1/../../../../arm-none-eabi/lib/thumb/v7-m\libm.a
END GROUP
START GROUP
LOAD c:/st/stm32cubeide_1.4.0/stm32cubeide/plugins/com.st.stm32cube.ide.mcu.externaltools.gnu-tools-for-stm32.7-2018-q2-update.win32_1.4.0.202007081208/tools/bin/../lib/gcc/arm-none-eabi/7.3.1/thumb/v7-m\libgcc.a
LOAD c:/st/stm32cubeide_1.4.0/stm32cubeide/plugins/com.st.stm32cube.ide.mcu.externaltools.gnu-tools-for-stm32.7-2018-q2-update.win32_1.4.0.202007081208/tools/bin/../lib/gcc/arm-none-eabi/7.3.1/../../../../arm-none-eabi/lib/thumb/v7-m\libg_nano.a
LOAD c:/st/stm32cubeide_1.4.0/stm32cubeide/plugins/com.st.stm32cube.ide.mcu.externaltools.gnu-tools-for-stm32.7-2018-q2-update.win32_1.4.0.202007081208/tools/bin/../lib/gcc/arm-none-eabi/7.3.1/../../../../arm-none-eabi/lib/thumb/v7-m\libc_nano.a
END GROUP
START GROUP
LOAD c:/st/stm32cubeide_1.4.0/stm32cubeide/plugins/com.st.stm32cube.ide.mcu.externaltools.gnu-tools-for-stm32.7-2018-q2-update.win32_1.4.0.202007081208/tools/bin/../lib/gcc/arm-none-eabi/7.3.1/thumb/v7-m\libgcc.a
LOAD c:/st/stm32cubeide_1.4.0/stm32cubeide/plugins/com.st.stm32cube.ide.mcu.externaltools.gnu-tools-for-stm32.7-2018-q2-update.win32_1.4.0.202007081208/tools/bin/../lib/gcc/arm-none-eabi/7.3.1/../../../../arm-none-eabi/lib/thumb/v7-m\libc_nano.a
LOAD c:/st/stm32cubeide_1.4.0/stm32cubeide/plugins/com.st.stm32cube.ide.mcu.externaltools.gnu-tools-for-stm32.7-2018-q2-update.win32_1.4.0.202007081208/tools/bin/../lib/gcc/arm-none-eabi/7.3.1/../../../../arm-none-eabi/lib/thumb/v7-m\libnosys.a
END GROUP
START GROUP
LOAD c:/st/stm32cubeide_1.4.0/stm32cubeide/plugins/com.st.stm32cube.ide.mcu.externaltools.gnu-tools-for-stm32.7-2018-q2-update.win32_1.4.0.202007081208/tools/bin/../lib/gcc/arm-none-eabi/7.3.1/thumb/v7-m\libgcc.a
LOAD c:/st/stm32cubeide_1.4.0/stm32cubeide/plugins/com.st.stm32cube.ide.mcu.externaltools.gnu-tools-for-stm32.7-2018-q2-update.win32_1.4.0.202007081208/tools/bin/../lib/gcc/arm-none-eabi/7.3.1/../../../../arm-none-eabi/lib/thumb/v7-m\libc_nano.a
LOAD c:/st/stm32cubeide_1.4.0/stm32cubeide/plugins/com.st.stm32cube.ide.mcu.externaltools.gnu-tools-for-stm32.7-2018-q2-update.win32_1.4.0.202007081208/tools/bin/../lib/gcc/arm-none-eabi/7.3.1/../../../../arm-none-eabi/lib/thumb/v7-m\libnosys.a
END GROUP
LOAD c:/st/stm32cubeide_1.4.0/stm32cubeide/plugins/com.st.stm32cube.ide.mcu.externaltools.gnu-tools-for-stm32.7-2018-q2-update.win32_1.4.0.202007081208/tools/bin/../lib/gcc/arm-none-eabi/7.3.1/thumb/v7-m/crtend.o
LOAD c:/st/stm32cubeide_1.4.0/stm32cubeide/plugins/com.st.stm32cube.ide.mcu.externaltools.gnu-tools-for-stm32.7-2018-q2-update.win32_1.4.0.202007081208/tools/bin/../lib/gcc/arm-none-eabi/7.3.1/thumb/v7-m/crtn.o
                0x0000000020002800                _estack = (ORIGIN (RAM) + LENGTH (RAM))
                0x0000000000000200                _Min_Heap_Size = 0x200
                0x0000000000000400                _Min_Stack_Size = 0x400

.isr_vector     0x0000000008000000      0x130
                0x0000000008000000                . = ALIGN (0x4)
 *(.isr_vector)
 .isr_vector    0x0000000008000000      0x130 Startup/startup_stm32f103c6tx.o
                0x0000000008000000                g_pfnVectors
                0x0000000008000130                . = ALIGN (0x4)

.text           0x0000000008000130      0xec8
                0x0000000008000130                . = ALIGN (0x4)
 *(.text)
 .text          0x0000000008000130       0x40 c:/st/stm32cubeide_1.4.0/stm32cubeide/plugins/com.st.stm32cube.ide.mcu.externaltools.gnu-tools-for-stm32.7-2018-q2-update.win32_1.4.0.202007081208/tools/bin/../lib/gcc/arm-none-eabi/7.3.1/thumb/v7-m/crtbegin.o
 .text          0x0000000008000170       0x14 c:/st/stm32cubeide_1.4.0/stm32cubeide/plugins/com.st.stm32cube.ide.mcu.externaltools.gnu-tools-for-stm32.7-2018-q2-update.win32_1.4.0.202007081208/tools/bin/../lib/gcc/arm-none-eabi/7.3.1/../../../../arm-none-eabi/lib/thumb/v7-m\libc_nano.a(lib_a-strcmp.o)
                0x0000000008000170                strcmp
 *(.text*)
 .text.__NVIC_SetPriority
                0x0000000008000184       0x54 MY_RTOS/CortexMX_OS_porting.o
 .text.SysTick_Config
                0x00000000080001d8       0x44 MY_RTOS/CortexMX_OS_porting.o
 .text.HardFault_Handler
                0x000000000800021c        0x6 MY_RTOS/CortexMX_OS_porting.o
                0x000000000800021c                HardFault_Handler
 .text.MemManage_Handler
                0x0000000008000222        0x6 MY_RTOS/CortexMX_OS_porting.o
                0x0000000008000222                MemManage_Handler
 .text.BusFault_Handler
                0x0000000008000228        0x6 MY_RTOS/CortexMX_OS_porting.o
                0x0000000008000228                BusFault_Handler
 .text.UsageFault_Handler
                0x000000000800022e        0x6 MY_RTOS/CortexMX_OS_porting.o
                0x000000000800022e                UsageFault_Handler
 .text.SVC_Handler
                0x0000000008000234       0x14 MY_RTOS/CortexMX_OS_porting.o
                0x0000000008000234                SVC_Handler
 .text.HW_init  0x0000000008000248       0x12 MY_RTOS/CortexMX_OS_porting.o
                0x0000000008000248                HW_init
 *fill*         0x000000000800025a        0x2 
 .text.trigger_OS_PendSV
                0x000000000800025c       0x1c MY_RTOS/CortexMX_OS_porting.o
                0x000000000800025c                trigger_OS_PendSV
 .text.Start_Tiker
                0x0000000008000278       0x10 MY_RTOS/CortexMX_OS_porting.o
                0x0000000008000278                Start_Tiker
 .text.SysTick_Handler
                0x0000000008000288       0x24 MY_RTOS/CortexMX_OS_porting.o
                0x0000000008000288                SysTick_Handler
 .text.FIFO_init
                0x00000000080002ac       0x40 MY_RTOS/MYRTOS_FIFO.o
                0x00000000080002ac                FIFO_init
 .text.FIFO_enqueue
                0x00000000080002ec       0x7a MY_RTOS/MYRTOS_FIFO.o
                0x00000000080002ec                FIFO_enqueue
 .text.FIFO_dequeue
                0x0000000008000366       0x7a MY_RTOS/MYRTOS_FIFO.o
                0x0000000008000366                FIFO_dequeue
 .text.FIFO_IS_FULL
                0x00000000080003e0       0x40 MY_RTOS/MYRTOS_FIFO.o
                0x00000000080003e0                FIFO_IS_FULL
 .text.MYRTOS_Create_MainStack
                0x0000000008000420       0x50 MY_RTOS/Scheduler.o
                0x0000000008000420                MYRTOS_Create_MainStack
 .text.MYRTOS_IdleTask
                0x0000000008000470       0x1c MY_RTOS/Scheduler.o
                0x0000000008000470                MYRTOS_IdleTask
 .text.MYRTOS_init
                0x000000000800048c       0x8c MY_RTOS/Scheduler.o
                0x000000000800048c                MYRTOS_init
 .text.MyRTOS_Create_TaskStack
                0x0000000008000518       0x7c MY_RTOS/Scheduler.o
                0x0000000008000518                MyRTOS_Create_TaskStack
 .text.MYRTOS_CreateTask
                0x0000000008000594       0x7c MY_RTOS/Scheduler.o
                0x0000000008000594                MYRTOS_CreateTask
 .text.bubbleSort
                0x0000000008000610       0x90 MY_RTOS/Scheduler.o
                0x0000000008000610                bubbleSort
 .text.MYRTOS_Update_Schedule_tables
                0x00000000080006a0       0xc0 MY_RTOS/Scheduler.o
                0x00000000080006a0                MYRTOS_Update_Schedule_tables
 .text.Decide_whatNext
                0x0000000008000760       0xa4 MY_RTOS/Scheduler.o
                0x0000000008000760                Decide_whatNext
 .text.PendSV_Handler
                0x0000000008000804      0x1d0 MY_RTOS/Scheduler.o
                0x0000000008000804                PendSV_Handler
 .text.OS_SVC   0x00000000080009d4       0x60 MY_RTOS/Scheduler.o
                0x00000000080009d4                OS_SVC
 .text.MYRTOS_OS_SVC_SET
                0x0000000008000a34       0x30 MY_RTOS/Scheduler.o
                0x0000000008000a34                MYRTOS_OS_SVC_SET
 .text.MYRTOS_ActivateTask
                0x0000000008000a64       0x20 MY_RTOS/Scheduler.o
                0x0000000008000a64                MYRTOS_ActivateTask
 .text.MYRTOS_STARTOS
                0x0000000008000a84       0x5c MY_RTOS/Scheduler.o
                0x0000000008000a84                MYRTOS_STARTOS
 .text.EXTI0_IRQHandler
                0x0000000008000ae0       0x24 STM32_F103C6_Drivers/STM32_F103C6_EXTI_Driver.o
                0x0000000008000ae0                EXTI0_IRQHandler
 .text.EXTI1_IRQHandler
                0x0000000008000b04       0x24 STM32_F103C6_Drivers/STM32_F103C6_EXTI_Driver.o
                0x0000000008000b04                EXTI1_IRQHandler
 .text.EXTI2_IRQHandler
                0x0000000008000b28       0x24 STM32_F103C6_Drivers/STM32_F103C6_EXTI_Driver.o
                0x0000000008000b28                EXTI2_IRQHandler
 .text.EXTI3_IRQHandler
                0x0000000008000b4c       0x24 STM32_F103C6_Drivers/STM32_F103C6_EXTI_Driver.o
                0x0000000008000b4c                EXTI3_IRQHandler
 .text.EXTI4_IRQHandler
                0x0000000008000b70       0x24 STM32_F103C6_Drivers/STM32_F103C6_EXTI_Driver.o
                0x0000000008000b70                EXTI4_IRQHandler
 .text.EXTI9_5_IRQHandler
                0x0000000008000b94       0xa8 STM32_F103C6_Drivers/STM32_F103C6_EXTI_Driver.o
                0x0000000008000b94                EXTI9_5_IRQHandler
 .text.EXTI15_10_IRQHandler
                0x0000000008000c3c       0xc4 STM32_F103C6_Drivers/STM32_F103C6_EXTI_Driver.o
                0x0000000008000c3c                EXTI15_10_IRQHandler
 .text.SPI1_IRQHandler
                0x0000000008000d00       0x5c STM32_F103C6_Drivers/STM32_F103C6_SPI_Driver.o
                0x0000000008000d00                SPI1_IRQHandler
 .text.SPI2_IRQHandler
                0x0000000008000d5c       0x5c STM32_F103C6_Drivers/STM32_F103C6_SPI_Driver.o
                0x0000000008000d5c                SPI2_IRQHandler
 .text.USART1_IRQHandler
                0x0000000008000db8       0x14 STM32_F103C6_Drivers/STM32_F103C6_USART_Driver.o
                0x0000000008000db8                USART1_IRQHandler
 .text.USART2_IRQHandler
                0x0000000008000dcc       0x14 STM32_F103C6_Drivers/STM32_F103C6_USART_Driver.o
                0x0000000008000dcc                USART2_IRQHandler
 .text.USART3_IRQHandler
                0x0000000008000de0       0x14 STM32_F103C6_Drivers/STM32_F103C6_USART_Driver.o
                0x0000000008000de0                USART3_IRQHandler
 .text.task1    0x0000000008000df4       0x18 Src/main.o
                0x0000000008000df4                task1
 .text.task2    0x0000000008000e0c       0x18 Src/main.o
                0x0000000008000e0c                task2
 .text.task3    0x0000000008000e24       0x18 Src/main.o
                0x0000000008000e24                task3
 .text.main     0x0000000008000e3c      0x108 Src/main.o
                0x0000000008000e3c                main
 .text.Reset_Handler
                0x0000000008000f44       0x50 Startup/startup_stm32f103c6tx.o
                0x0000000008000f44                Reset_Handler
 .text.Default_Handler
                0x0000000008000f94        0x2 Startup/startup_stm32f103c6tx.o
                0x0000000008000f94                TIM8_TRG_COM_IRQHandler
                0x0000000008000f94                TIM8_CC_IRQHandler
                0x0000000008000f94                DebugMon_Handler
                0x0000000008000f94                TIM1_CC_IRQHandler
                0x0000000008000f94                TIM6_IRQHandler
                0x0000000008000f94                PVD_IRQHandler
                0x0000000008000f94                SDIO_IRQHandler
                0x0000000008000f94                NMI_Handler
                0x0000000008000f94                USB_HP_CAN_TX_IRQHandler
                0x0000000008000f94                I2C2_EV_IRQHandler
                0x0000000008000f94                ADC1_2_IRQHandler
                0x0000000008000f94                CAN_SCE_IRQHandler
                0x0000000008000f94                TAMPER_IRQHandler
                0x0000000008000f94                TIM8_UP_IRQHandler
                0x0000000008000f94                DMA2_Channel2_IRQHandler
                0x0000000008000f94                DMA1_Channel4_IRQHandler
                0x0000000008000f94                RTC_IRQHandler
                0x0000000008000f94                DMA1_Channel7_IRQHandler
                0x0000000008000f94                UART5_IRQHandler
                0x0000000008000f94                ADC3_IRQHandler
                0x0000000008000f94                TIM4_IRQHandler
                0x0000000008000f94                CAN_RX1_IRQHandler
                0x0000000008000f94                DMA2_Channel1_IRQHandler
                0x0000000008000f94                I2C1_EV_IRQHandler
                0x0000000008000f94                DMA1_Channel6_IRQHandler
                0x0000000008000f94                UART4_IRQHandler
                0x0000000008000f94                TIM3_IRQHandler
                0x0000000008000f94                RCC_IRQHandler
                0x0000000008000f94                TIM1_TRG_COM_IRQHandler
                0x0000000008000f94                DMA1_Channel1_IRQHandler
                0x0000000008000f94                Default_Handler
                0x0000000008000f94                TIM7_IRQHandler
                0x0000000008000f94                TIM5_IRQHandler
                0x0000000008000f94                USB_LP_CAN_RX0_IRQHandler
                0x0000000008000f94                DMA1_Channel5_IRQHandler
                0x0000000008000f94                DMA1_Channel3_IRQHandler
                0x0000000008000f94                FSMC_IRQHandler
                0x0000000008000f94                TIM1_UP_IRQHandler
                0x0000000008000f94                WWDG_IRQHandler
                0x0000000008000f94                TIM2_IRQHandler
                0x0000000008000f94                TIM1_BRK_IRQHandler
                0x0000000008000f94                RTCAlarm_IRQHandler
                0x0000000008000f94                DMA2_Channel4_5_IRQHandler
                0x0000000008000f94                I2C2_ER_IRQHandler
                0x0000000008000f94                DMA1_Channel2_IRQHandler
                0x0000000008000f94                TIM8_BRK_IRQHandler
                0x0000000008000f94                FLASH_IRQHandler
                0x0000000008000f94                SPI3_IRQHandler
                0x0000000008000f94                I2C1_ER_IRQHandler
                0x0000000008000f94                DMA2_Channel3_IRQHandler
 *fill*         0x0000000008000f96        0x2 
 .text.__libc_init_array
                0x0000000008000f98       0x48 c:/st/stm32cubeide_1.4.0/stm32cubeide/plugins/com.st.stm32cube.ide.mcu.externaltools.gnu-tools-for-stm32.7-2018-q2-update.win32_1.4.0.202007081208/tools/bin/../lib/gcc/arm-none-eabi/7.3.1/../../../../arm-none-eabi/lib/thumb/v7-m\libc_nano.a(lib_a-init.o)
                0x0000000008000f98                __libc_init_array
 *(.glue_7)
 .glue_7        0x0000000008000fe0        0x0 linker stubs
 *(.glue_7t)
 .glue_7t       0x0000000008000fe0        0x0 linker stubs
 *(.eh_frame)
 .eh_frame      0x0000000008000fe0        0x0 c:/st/stm32cubeide_1.4.0/stm32cubeide/plugins/com.st.stm32cube.ide.mcu.externaltools.gnu-tools-for-stm32.7-2018-q2-update.win32_1.4.0.202007081208/tools/bin/../lib/gcc/arm-none-eabi/7.3.1/thumb/v7-m/crtbegin.o
 *(.init)
 .init          0x0000000008000fe0        0x4 c:/st/stm32cubeide_1.4.0/stm32cubeide/plugins/com.st.stm32cube.ide.mcu.externaltools.gnu-tools-for-stm32.7-2018-q2-update.win32_1.4.0.202007081208/tools/bin/../lib/gcc/arm-none-eabi/7.3.1/thumb/v7-m/crti.o
                0x0000000008000fe0                _init
 .init          0x0000000008000fe4        0x8 c:/st/stm32cubeide_1.4.0/stm32cubeide/plugins/com.st.stm32cube.ide.mcu.externaltools.gnu-tools-for-stm32.7-2018-q2-update.win32_1.4.0.202007081208/tools/bin/../lib/gcc/arm-none-eabi/7.3.1/thumb/v7-m/crtn.o
 *(.fini)
 .fini          0x0000000008000fec        0x4 c:/st/stm32cubeide_1.4.0/stm32cubeide/plugins/com.st.stm32cube.ide.mcu.externaltools.gnu-tools-for-stm32.7-2018-q2-update.win32_1.4.0.202007081208/tools/bin/../lib/gcc/arm-none-eabi/7.3.1/thumb/v7-m/crti.o
                0x0000000008000fec                _fini
 .fini          0x0000000008000ff0        0x8 c:/st/stm32cubeide_1.4.0/stm32cubeide/plugins/com.st.stm32cube.ide.mcu.externaltools.gnu-tools-for-stm32.7-2018-q2-update.win32_1.4.0.202007081208/tools/bin/../lib/gcc/arm-none-eabi/7.3.1/thumb/v7-m/crtn.o
                0x0000000008000ff8                . = ALIGN (0x4)
                0x0000000008000ff8                _etext = .

.vfp11_veneer   0x0000000008000ff8        0x0
 .vfp11_veneer  0x0000000008000ff8        0x0 linker stubs

.v4_bx          0x0000000008000ff8        0x0
 .v4_bx         0x0000000008000ff8        0x0 linker stubs

.iplt           0x0000000008000ff8        0x0
 .iplt          0x0000000008000ff8        0x0 c:/st/stm32cubeide_1.4.0/stm32cubeide/plugins/com.st.stm32cube.ide.mcu.externaltools.gnu-tools-for-stm32.7-2018-q2-update.win32_1.4.0.202007081208/tools/bin/../lib/gcc/arm-none-eabi/7.3.1/thumb/v7-m/crtbegin.o

.rodata         0x0000000008000ff8       0x24
                0x0000000008000ff8                . = ALIGN (0x4)
 *(.rodata)
 .rodata        0x0000000008000ff8        0x9 MY_RTOS/Scheduler.o
 *fill*         0x0000000008001001        0x3 
 .rodata        0x0000000008001004       0x17 Src/main.o
 *(.rodata*)
                0x000000000800101c                . = ALIGN (0x4)
 *fill*         0x000000000800101b        0x1 

.rel.dyn        0x000000000800101c        0x0
 .rel.iplt      0x000000000800101c        0x0 c:/st/stm32cubeide_1.4.0/stm32cubeide/plugins/com.st.stm32cube.ide.mcu.externaltools.gnu-tools-for-stm32.7-2018-q2-update.win32_1.4.0.202007081208/tools/bin/../lib/gcc/arm-none-eabi/7.3.1/thumb/v7-m/crtbegin.o

.ARM.extab      0x000000000800101c        0x0
                0x000000000800101c                . = ALIGN (0x4)
 *(.ARM.extab* .gnu.linkonce.armextab.*)
                0x000000000800101c                . = ALIGN (0x4)

.ARM            0x000000000800101c        0x0
                0x000000000800101c                . = ALIGN (0x4)
                0x000000000800101c                __exidx_start = .
 *(.ARM.exidx*)
                0x000000000800101c                __exidx_end = .
                0x000000000800101c                . = ALIGN (0x4)

.preinit_array  0x000000000800101c        0x0
                0x000000000800101c                . = ALIGN (0x4)
                0x000000000800101c                PROVIDE (__preinit_array_start = .)
 *(.preinit_array*)
                0x000000000800101c                PROVIDE (__preinit_array_end = .)
                0x000000000800101c                . = ALIGN (0x4)

.init_array     0x000000000800101c        0x4
                0x000000000800101c                . = ALIGN (0x4)
                0x000000000800101c                PROVIDE (__init_array_start = .)
 *(SORT_BY_NAME(.init_array.*))
 *(.init_array*)
 .init_array    0x000000000800101c        0x4 c:/st/stm32cubeide_1.4.0/stm32cubeide/plugins/com.st.stm32cube.ide.mcu.externaltools.gnu-tools-for-stm32.7-2018-q2-update.win32_1.4.0.202007081208/tools/bin/../lib/gcc/arm-none-eabi/7.3.1/thumb/v7-m/crtbegin.o
                0x0000000008001020                PROVIDE (__init_array_end = .)
                0x0000000008001020                . = ALIGN (0x4)

.fini_array     0x0000000008001020        0x4
                0x0000000008001020                . = ALIGN (0x4)
                [!provide]                        PROVIDE (__fini_array_start = .)
 *(SORT_BY_NAME(.fini_array.*))
 *(.fini_array*)
 .fini_array    0x0000000008001020        0x4 c:/st/stm32cubeide_1.4.0/stm32cubeide/plugins/com.st.stm32cube.ide.mcu.externaltools.gnu-tools-for-stm32.7-2018-q2-update.win32_1.4.0.202007081208/tools/bin/../lib/gcc/arm-none-eabi/7.3.1/thumb/v7-m/crtbegin.o
                [!provide]                        PROVIDE (__fini_array_end = .)
                0x0000000008001024                . = ALIGN (0x4)
                0x0000000008001024                _sidata = LOADADDR (.data)

.data           0x0000000020000000        0x0 load address 0x0000000008001024
                0x0000000020000000                . = ALIGN (0x4)
                0x0000000020000000                _sdata = .
 *(.data)
 *(.data*)
                0x0000000020000000                . = ALIGN (0x4)
                0x0000000020000000                _edata = .

.igot.plt       0x0000000020000000        0x0 load address 0x0000000008001024
 .igot.plt      0x0000000020000000        0x0 c:/st/stm32cubeide_1.4.0/stm32cubeide/plugins/com.st.stm32cube.ide.mcu.externaltools.gnu-tools-for-stm32.7-2018-q2-update.win32_1.4.0.202007081208/tools/bin/../lib/gcc/arm-none-eabi/7.3.1/thumb/v7-m/crtbegin.o
                0x0000000020000000                . = ALIGN (0x4)

.bss            0x0000000020000000      0x4e0 load address 0x0000000008001024
                0x0000000020000000                _sbss = .
                0x0000000020000000                __bss_start__ = _sbss
 *(.bss)
 .bss           0x0000000020000000       0x1c c:/st/stm32cubeide_1.4.0/stm32cubeide/plugins/com.st.stm32cube.ide.mcu.externaltools.gnu-tools-for-stm32.7-2018-q2-update.win32_1.4.0.202007081208/tools/bin/../lib/gcc/arm-none-eabi/7.3.1/thumb/v7-m/crtbegin.o
 *(.bss*)
 .bss.Global_SPI_Config
                0x000000002000001c        0x8 STM32_F103C6_Drivers/STM32_F103C6_SPI_Driver.o
                0x000000002000001c                Global_SPI_Config
 *(COMMON)
 COMMON         0x0000000020000024        0x1 MY_RTOS/CortexMX_OS_porting.o
                0x0000000020000024                SysTickLED
 *fill*         0x0000000020000025        0x3 
 COMMON         0x0000000020000028      0x398 MY_RTOS/Scheduler.o
                0x0000000020000028                OS_Control
                0x00000000200001d4                Ready_QUEUE
                0x00000000200001e8                MYRTOS_idleTask
                0x000000002000022c                IdleTaskLed
                0x0000000020000230                Ready_QUEUE_FIFO
 COMMON         0x00000000200003c0       0x3c STM32_F103C6_Drivers/STM32_F103C6_EXTI_Driver.o
                0x00000000200003c0                GP_IRQ_CallBack
 COMMON         0x00000000200003fc        0xc STM32_F103C6_Drivers/STM32_F103C6_USART_Driver.o
                0x00000000200003fc                pFun
 COMMON         0x0000000020000408       0xd5 Src/main.o
                0x0000000020000408                Task1
                0x000000002000044c                Task4LED
                0x000000002000044d                Task2LED
                0x0000000020000450                Task3
                0x0000000020000494                Task1LED
                0x0000000020000498                Task2
                0x00000000200004dc                Task3LED
                0x00000000200004e0                . = ALIGN (0x4)
 *fill*         0x00000000200004dd        0x3 
                0x00000000200004e0                _ebss = .
                0x00000000200004e0                __bss_end__ = _ebss

._user_heap_stack
                0x00000000200004e0      0x600 load address 0x0000000008001024
                0x00000000200004e0                . = ALIGN (0x8)
                [!provide]                        PROVIDE (end = .)
                0x00000000200004e0                PROVIDE (_end = .)
                0x00000000200006e0                . = (. + _Min_Heap_Size)
 *fill*         0x00000000200004e0      0x200 
                0x0000000020000ae0                . = (. + _Min_Stack_Size)
 *fill*         0x00000000200006e0      0x400 
                0x0000000020000ae0                . = ALIGN (0x8)
                0x0000000020000ae0                _eheap = .

/DISCARD/
 libc.a(*)
 libm.a(*)
 libgcc.a(*)

.ARM.attributes
                0x0000000000000000       0x29
 *(.ARM.attributes)
 .ARM.attributes
                0x0000000000000000       0x1d c:/st/stm32cubeide_1.4.0/stm32cubeide/plugins/com.st.stm32cube.ide.mcu.externaltools.gnu-tools-for-stm32.7-2018-q2-update.win32_1.4.0.202007081208/tools/bin/../lib/gcc/arm-none-eabi/7.3.1/thumb/v7-m/crti.o
 .ARM.attributes
                0x000000000000001d       0x2d c:/st/stm32cubeide_1.4.0/stm32cubeide/plugins/com.st.stm32cube.ide.mcu.externaltools.gnu-tools-for-stm32.7-2018-q2-update.win32_1.4.0.202007081208/tools/bin/../lib/gcc/arm-none-eabi/7.3.1/thumb/v7-m/crtbegin.o
 .ARM.attributes
                0x000000000000004a       0x33 MY_RTOS/CortexMX_OS_porting.o
 .ARM.attributes
                0x000000000000007d       0x33 MY_RTOS/MYRTOS_FIFO.o
 .ARM.attributes
                0x00000000000000b0       0x33 MY_RTOS/Scheduler.o
 .ARM.attributes
                0x00000000000000e3       0x33 STM32_F103C6_Drivers/STM32_F103C6_EXTI_Driver.o
 .ARM.attributes
                0x0000000000000116       0x33 STM32_F103C6_Drivers/STM32_F103C6_SPI_Driver.o
 .ARM.attributes
                0x0000000000000149       0x33 STM32_F103C6_Drivers/STM32_F103C6_USART_Driver.o
 .ARM.attributes
                0x000000000000017c       0x33 Src/main.o
 .ARM.attributes
                0x00000000000001af       0x21 Startup/startup_stm32f103c6tx.o
 .ARM.attributes
                0x00000000000001d0       0x2d c:/st/stm32cubeide_1.4.0/stm32cubeide/plugins/com.st.stm32cube.ide.mcu.externaltools.gnu-tools-for-stm32.7-2018-q2-update.win32_1.4.0.202007081208/tools/bin/../lib/gcc/arm-none-eabi/7.3.1/../../../../arm-none-eabi/lib/thumb/v7-m\libc_nano.a(lib_a-init.o)
 .ARM.attributes
                0x00000000000001fd       0x1b c:/st/stm32cubeide_1.4.0/stm32cubeide/plugins/com.st.stm32cube.ide.mcu.externaltools.gnu-tools-for-stm32.7-2018-q2-update.win32_1.4.0.202007081208/tools/bin/../lib/gcc/arm-none-eabi/7.3.1/../../../../arm-none-eabi/lib/thumb/v7-m\libc_nano.a(lib_a-strcmp.o)
 .ARM.attributes
                0x0000000000000218       0x1d c:/st/stm32cubeide_1.4.0/stm32cubeide/plugins/com.st.stm32cube.ide.mcu.externaltools.gnu-tools-for-stm32.7-2018-q2-update.win32_1.4.0.202007081208/tools/bin/../lib/gcc/arm-none-eabi/7.3.1/thumb/v7-m/crtn.o
OUTPUT(RTOS_Lesson_2.axf elf32-littlearm)

.debug_info     0x0000000000000000     0x5962
 .debug_info    0x0000000000000000      0x62f MY_RTOS/CortexMX_OS_porting.o
 .debug_info    0x000000000000062f      0xc77 MY_RTOS/MYRTOS_FIFO.o
 .debug_info    0x00000000000012a6      0xf84 MY_RTOS/Scheduler.o
 .debug_info    0x000000000000222a      0xdbf STM32_F103C6_Drivers/STM32_F103C6_EXTI_Driver.o
 .debug_info    0x0000000000002fe9      0xef7 STM32_F103C6_Drivers/STM32_F103C6_SPI_Driver.o
 .debug_info    0x0000000000003ee0      0xe20 STM32_F103C6_Drivers/STM32_F103C6_USART_Driver.o
 .debug_info    0x0000000000004d00      0xc40 Src/main.o
 .debug_info    0x0000000000005940       0x22 Startup/startup_stm32f103c6tx.o

.debug_abbrev   0x0000000000000000      0xf8c
 .debug_abbrev  0x0000000000000000      0x1cd MY_RTOS/CortexMX_OS_porting.o
 .debug_abbrev  0x00000000000001cd      0x1e0 MY_RTOS/MYRTOS_FIFO.o
 .debug_abbrev  0x00000000000003ad      0x344 MY_RTOS/Scheduler.o
 .debug_abbrev  0x00000000000006f1      0x210 STM32_F103C6_Drivers/STM32_F103C6_EXTI_Driver.o
 .debug_abbrev  0x0000000000000901      0x240 STM32_F103C6_Drivers/STM32_F103C6_SPI_Driver.o
 .debug_abbrev  0x0000000000000b41      0x24c STM32_F103C6_Drivers/STM32_F103C6_USART_Driver.o
 .debug_abbrev  0x0000000000000d8d      0x1ed Src/main.o
 .debug_abbrev  0x0000000000000f7a       0x12 Startup/startup_stm32f103c6tx.o

.debug_loc      0x0000000000000000     0x1070
 .debug_loc     0x0000000000000000      0x224 MY_RTOS/CortexMX_OS_porting.o
 .debug_loc     0x0000000000000224      0x164 MY_RTOS/MYRTOS_FIFO.o
 .debug_loc     0x0000000000000388      0x3bc MY_RTOS/Scheduler.o
 .debug_loc     0x0000000000000744      0x320 STM32_F103C6_Drivers/STM32_F103C6_EXTI_Driver.o
 .debug_loc     0x0000000000000a64      0x2bc STM32_F103C6_Drivers/STM32_F103C6_SPI_Driver.o
 .debug_loc     0x0000000000000d20      0x294 STM32_F103C6_Drivers/STM32_F103C6_USART_Driver.o
 .debug_loc     0x0000000000000fb4       0xbc Src/main.o

.debug_aranges  0x0000000000000000      0x2c8
 .debug_aranges
                0x0000000000000000       0x70 MY_RTOS/CortexMX_OS_porting.o
 .debug_aranges
                0x0000000000000070       0x38 MY_RTOS/MYRTOS_FIFO.o
 .debug_aranges
                0x00000000000000a8       0x88 MY_RTOS/Scheduler.o
 .debug_aranges
                0x0000000000000130       0x80 STM32_F103C6_Drivers/STM32_F103C6_EXTI_Driver.o
 .debug_aranges
                0x00000000000001b0       0x58 STM32_F103C6_Drivers/STM32_F103C6_SPI_Driver.o
 .debug_aranges
                0x0000000000000208       0x60 STM32_F103C6_Drivers/STM32_F103C6_USART_Driver.o
 .debug_aranges
                0x0000000000000268       0x38 Src/main.o
 .debug_aranges
                0x00000000000002a0       0x28 Startup/startup_stm32f103c6tx.o

.debug_ranges   0x0000000000000000      0x250
 .debug_ranges  0x0000000000000000       0x60 MY_RTOS/CortexMX_OS_porting.o
 .debug_ranges  0x0000000000000060       0x28 MY_RTOS/MYRTOS_FIFO.o
 .debug_ranges  0x0000000000000088       0x78 MY_RTOS/Scheduler.o
 .debug_ranges  0x0000000000000100       0x70 STM32_F103C6_Drivers/STM32_F103C6_EXTI_Driver.o
 .debug_ranges  0x0000000000000170       0x48 STM32_F103C6_Drivers/STM32_F103C6_SPI_Driver.o
 .debug_ranges  0x00000000000001b8       0x50 STM32_F103C6_Drivers/STM32_F103C6_USART_Driver.o
 .debug_ranges  0x0000000000000208       0x28 Src/main.o
 .debug_ranges  0x0000000000000230       0x20 Startup/startup_stm32f103c6tx.o

.debug_macro    0x0000000000000000     0x2afd
 .debug_macro   0x0000000000000000       0xce MY_RTOS/CortexMX_OS_porting.o
 .debug_macro   0x00000000000000ce       0x28 MY_RTOS/CortexMX_OS_porting.o
 .debug_macro   0x00000000000000f6       0x1c MY_RTOS/CortexMX_OS_porting.o
 .debug_macro   0x0000000000000112       0x22 MY_RTOS/CortexMX_OS_porting.o
 .debug_macro   0x0000000000000134       0xe5 MY_RTOS/CortexMX_OS_porting.o
 .debug_macro   0x0000000000000219      0xe2e MY_RTOS/CortexMX_OS_porting.o
 .debug_macro   0x0000000000001047      0x11f MY_RTOS/CortexMX_OS_porting.o
 .debug_macro   0x0000000000001166       0x2e MY_RTOS/CortexMX_OS_porting.o
 .debug_macro   0x0000000000001194      0x23d MY_RTOS/MYRTOS_FIFO.o
 .debug_macro   0x00000000000013d1       0x40 MY_RTOS/MYRTOS_FIFO.o
 .debug_macro   0x0000000000001411       0x94 MY_RTOS/MYRTOS_FIFO.o
 .debug_macro   0x00000000000014a5       0x16 MY_RTOS/MYRTOS_FIFO.o
 .debug_macro   0x00000000000014bb       0x57 MY_RTOS/MYRTOS_FIFO.o
 .debug_macro   0x0000000000001512       0x97 MY_RTOS/MYRTOS_FIFO.o
 .debug_macro   0x00000000000015a9       0xfd MY_RTOS/MYRTOS_FIFO.o
 .debug_macro   0x00000000000016a6       0x10 MY_RTOS/MYRTOS_FIFO.o
 .debug_macro   0x00000000000016b6       0x10 MY_RTOS/MYRTOS_FIFO.o
 .debug_macro   0x00000000000016c6       0x1c MY_RTOS/MYRTOS_FIFO.o
 .debug_macro   0x00000000000016e2       0x52 MY_RTOS/MYRTOS_FIFO.o
 .debug_macro   0x0000000000001734       0x40 MY_RTOS/MYRTOS_FIFO.o
 .debug_macro   0x0000000000001774       0x10 MY_RTOS/MYRTOS_FIFO.o
 .debug_macro   0x0000000000001784       0x40 MY_RTOS/MYRTOS_FIFO.o
 .debug_macro   0x00000000000017c4       0xd7 MY_RTOS/MYRTOS_FIFO.o
 .debug_macro   0x000000000000189b       0x1c MY_RTOS/MYRTOS_FIFO.o
 .debug_macro   0x00000000000018b7       0x3d MY_RTOS/MYRTOS_FIFO.o
 .debug_macro   0x00000000000018f4       0x16 MY_RTOS/MYRTOS_FIFO.o
 .debug_macro   0x000000000000190a      0x145 MY_RTOS/MYRTOS_FIFO.o
 .debug_macro   0x0000000000001a4f       0xdf MY_RTOS/MYRTOS_FIFO.o
 .debug_macro   0x0000000000001b2e      0x247 MY_RTOS/Scheduler.o
 .debug_macro   0x0000000000001d75      0x32a MY_RTOS/Scheduler.o
 .debug_macro   0x000000000000209f      0x154 STM32_F103C6_Drivers/STM32_F103C6_EXTI_Driver.o
 .debug_macro   0x00000000000021f3      0x223 STM32_F103C6_Drivers/STM32_F103C6_EXTI_Driver.o
 .debug_macro   0x0000000000002416      0x166 STM32_F103C6_Drivers/STM32_F103C6_SPI_Driver.o
 .debug_macro   0x000000000000257c       0xbe STM32_F103C6_Drivers/STM32_F103C6_SPI_Driver.o
 .debug_macro   0x000000000000263a      0x157 STM32_F103C6_Drivers/STM32_F103C6_USART_Driver.o
 .debug_macro   0x0000000000002791       0xe2 STM32_F103C6_Drivers/STM32_F103C6_USART_Driver.o
 .debug_macro   0x0000000000002873      0x1de Src/main.o
 .debug_macro   0x0000000000002a51       0xac Src/main.o

.debug_line     0x0000000000000000     0x3153
 .debug_line    0x0000000000000000      0x574 MY_RTOS/CortexMX_OS_porting.o
 .debug_line    0x0000000000000574      0x709 MY_RTOS/MYRTOS_FIFO.o
 .debug_line    0x0000000000000c7d      0x879 MY_RTOS/Scheduler.o
 .debug_line    0x00000000000014f6      0x72b STM32_F103C6_Drivers/STM32_F103C6_EXTI_Driver.o
 .debug_line    0x0000000000001c21      0x6b3 STM32_F103C6_Drivers/STM32_F103C6_SPI_Driver.o
 .debug_line    0x00000000000022d4      0x6bd STM32_F103C6_Drivers/STM32_F103C6_USART_Driver.o
 .debug_line    0x0000000000002991      0x73e Src/main.o
 .debug_line    0x00000000000030cf       0x84 Startup/startup_stm32f103c6tx.o

.debug_str      0x0000000000000000    0x13a6f
 .debug_str     0x0000000000000000     0xa31d MY_RTOS/CortexMX_OS_porting.o
                                       0xa4b8 (size before relaxing)
 .debug_str     0x000000000000a31d     0x44b7 MY_RTOS/MYRTOS_FIFO.o
                                       0xe751 (size before relaxing)
 .debug_str     0x000000000000e7d4      0x277 MY_RTOS/Scheduler.o
                                       0xe97c (size before relaxing)
 .debug_str     0x000000000000ea4b     0x3cf2 STM32_F103C6_Drivers/STM32_F103C6_EXTI_Driver.o
                                       0xab4d (size before relaxing)
 .debug_str     0x000000000001273d      0x80d STM32_F103C6_Drivers/STM32_F103C6_SPI_Driver.o
                                       0x9e62 (size before relaxing)
 .debug_str     0x0000000000012f4a      0x7ee STM32_F103C6_Drivers/STM32_F103C6_USART_Driver.o
                                       0x9eac (size before relaxing)
 .debug_str     0x0000000000013738      0x306 Src/main.o
                                      0x11227 (size before relaxing)
 .debug_str     0x0000000000013a3e       0x31 Startup/startup_stm32f103c6tx.o
                                         0x6c (size before relaxing)

.comment        0x0000000000000000       0x7b
 .comment       0x0000000000000000       0x7b MY_RTOS/CortexMX_OS_porting.o
                                         0x7c (size before relaxing)
 .comment       0x000000000000007b       0x7c MY_RTOS/MYRTOS_FIFO.o
 .comment       0x000000000000007b       0x7c MY_RTOS/Scheduler.o
 .comment       0x000000000000007b       0x7c STM32_F103C6_Drivers/STM32_F103C6_EXTI_Driver.o
 .comment       0x000000000000007b       0x7c STM32_F103C6_Drivers/STM32_F103C6_SPI_Driver.o
 .comment       0x000000000000007b       0x7c STM32_F103C6_Drivers/STM32_F103C6_USART_Driver.o
 .comment       0x000000000000007b       0x7c Src/main.o

.debug_frame    0x0000000000000000      0x8d4
 .debug_frame   0x0000000000000000      0x140 MY_RTOS/CortexMX_OS_porting.o
 .debug_frame   0x0000000000000140       0xac MY_RTOS/MYRTOS_FIFO.o
 .debug_frame   0x00000000000001ec      0x1e0 MY_RTOS/Scheduler.o
 .debug_frame   0x00000000000003cc      0x1b0 STM32_F103C6_Drivers/STM32_F103C6_EXTI_Driver.o
 .debug_frame   0x000000000000057c      0x148 STM32_F103C6_Drivers/STM32_F103C6_SPI_Driver.o
 .debug_frame   0x00000000000006c4      0x14c STM32_F103C6_Drivers/STM32_F103C6_USART_Driver.o
 .debug_frame   0x0000000000000810       0x78 Src/main.o
 .debug_frame   0x0000000000000888       0x2c c:/st/stm32cubeide_1.4.0/stm32cubeide/plugins/com.st.stm32cube.ide.mcu.externaltools.gnu-tools-for-stm32.7-2018-q2-update.win32_1.4.0.202007081208/tools/bin/../lib/gcc/arm-none-eabi/7.3.1/../../../../arm-none-eabi/lib/thumb/v7-m\libc_nano.a(lib_a-init.o)
 .debug_frame   0x00000000000008b4       0x20 c:/st/stm32cubeide_1.4.0/stm32cubeide/plugins/com.st.stm32cube.ide.mcu.externaltools.gnu-tools-for-stm32.7-2018-q2-update.win32_1.4.0.202007081208/tools/bin/../lib/gcc/arm-none-eabi/7.3.1/../../../../arm-none-eabi/lib/thumb/v7-m\libc_nano.a(lib_a-strcmp.o)
