STM32_F103C6_EXTI_Driver.c:36:7:Enable_NVIC	16	static
STM32_F103C6_EXTI_Driver.c:73:7:Disable_NVIC	16	static
STM32_F103C6_EXTI_Driver.c:118:6:Updata_EXTI	24	static
STM32_F103C6_EXTI_Driver.c:195:6:MCAL_EXTI_GPIO_DeInit	4	static
STM32_F103C6_EXTI_Driver.c:230:6:MCAL_EXTI_GPIO_Init	16	static
STM32_F103C6_EXTI_Driver.c:246:6:MCAL_EXTI_GPIO_Updata	16	static
STM32_F103C6_EXTI_Driver.c:259:6:EXTI0_IRQHandler	8	static
STM32_F103C6_EXTI_Driver.c:267:6:EXTI1_IRQHandler	8	static
STM32_F103C6_EXTI_Driver.c:273:6:EXTI2_IRQHandler	8	static
STM32_F103C6_EXTI_Driver.c:280:6:EXTI3_IRQHandler	8	static
STM32_F103C6_EXTI_Driver.c:287:6:EXTI4_IRQHandler	8	static
STM32_F103C6_EXTI_Driver.c:294:6:EXTI9_5_IRQHandler	8	static
STM32_F103C6_EXTI_Driver.c:303:6:EXTI15_10_IRQHandler	8	static
