Archive member included to satisfy reference by file (symbol)

c:/st/stm32cubeide_1.4.0/stm32cubeide/plugins/com.st.stm32cube.ide.mcu.externaltools.gnu-tools-for-stm32.7-2018-q2-update.win32_1.4.0.202007081208/tools/bin/../lib/gcc/arm-none-eabi/7.3.1/../../../../arm-none-eabi/lib/thumb/v7-m\libc_nano.a(lib_a-errno.o)
                              Src/syscalls.o (__errno)
c:/st/stm32cubeide_1.4.0/stm32cubeide/plugins/com.st.stm32cube.ide.mcu.externaltools.gnu-tools-for-stm32.7-2018-q2-update.win32_1.4.0.202007081208/tools/bin/../lib/gcc/arm-none-eabi/7.3.1/../../../../arm-none-eabi/lib/thumb/v7-m\libc_nano.a(lib_a-exit.o)
                              c:/st/stm32cubeide_1.4.0/stm32cubeide/plugins/com.st.stm32cube.ide.mcu.externaltools.gnu-tools-for-stm32.7-2018-q2-update.win32_1.4.0.202007081208/tools/bin/../lib/gcc/arm-none-eabi/7.3.1/../../../../arm-none-eabi/lib/thumb/v7-m/crt0.o (exit)
c:/st/stm32cubeide_1.4.0/stm32cubeide/plugins/com.st.stm32cube.ide.mcu.externaltools.gnu-tools-for-stm32.7-2018-q2-update.win32_1.4.0.202007081208/tools/bin/../lib/gcc/arm-none-eabi/7.3.1/../../../../arm-none-eabi/lib/thumb/v7-m\libc_nano.a(lib_a-impure.o)
                              c:/st/stm32cubeide_1.4.0/stm32cubeide/plugins/com.st.stm32cube.ide.mcu.externaltools.gnu-tools-for-stm32.7-2018-q2-update.win32_1.4.0.202007081208/tools/bin/../lib/gcc/arm-none-eabi/7.3.1/../../../../arm-none-eabi/lib/thumb/v7-m\libc_nano.a(lib_a-exit.o) (_global_impure_ptr)
c:/st/stm32cubeide_1.4.0/stm32cubeide/plugins/com.st.stm32cube.ide.mcu.externaltools.gnu-tools-for-stm32.7-2018-q2-update.win32_1.4.0.202007081208/tools/bin/../lib/gcc/arm-none-eabi/7.3.1/../../../../arm-none-eabi/lib/thumb/v7-m\libc_nano.a(lib_a-init.o)
                              c:/st/stm32cubeide_1.4.0/stm32cubeide/plugins/com.st.stm32cube.ide.mcu.externaltools.gnu-tools-for-stm32.7-2018-q2-update.win32_1.4.0.202007081208/tools/bin/../lib/gcc/arm-none-eabi/7.3.1/../../../../arm-none-eabi/lib/thumb/v7-m/crt0.o (__libc_init_array)
c:/st/stm32cubeide_1.4.0/stm32cubeide/plugins/com.st.stm32cube.ide.mcu.externaltools.gnu-tools-for-stm32.7-2018-q2-update.win32_1.4.0.202007081208/tools/bin/../lib/gcc/arm-none-eabi/7.3.1/../../../../arm-none-eabi/lib/thumb/v7-m\libc_nano.a(lib_a-memset.o)
                              c:/st/stm32cubeide_1.4.0/stm32cubeide/plugins/com.st.stm32cube.ide.mcu.externaltools.gnu-tools-for-stm32.7-2018-q2-update.win32_1.4.0.202007081208/tools/bin/../lib/gcc/arm-none-eabi/7.3.1/../../../../arm-none-eabi/lib/thumb/v7-m/crt0.o (memset)
c:/st/stm32cubeide_1.4.0/stm32cubeide/plugins/com.st.stm32cube.ide.mcu.externaltools.gnu-tools-for-stm32.7-2018-q2-update.win32_1.4.0.202007081208/tools/bin/../lib/gcc/arm-none-eabi/7.3.1/../../../../arm-none-eabi/lib/thumb/v7-m\libc_nano.a(lib_a-strcmp.o)
                              MY_RTOS/Scheduler.o (strcmp)

Allocating common symbols
Common symbol       size              file

pFun                0xc               STM32_F103C6_Drivers/STM32_F103C6_USART_Driver.o
Global_SPI_Config2  0x18              STM32_F103C6_Drivers/STM32_F103C6_SPI_Driver.o
Task4               0x44              Src/main.o
pinconfig           0x4               HAL_Layer_Driver/KEYPAD_Driver/keypad.o
SysTickLED          0x1               MY_RTOS/CortexMX_OS_porting.o
OS_Control          0x1ac             MY_RTOS/Scheduler.o
Task1               0x44              Src/main.o
Task4LED            0x1               Src/main.o
Ready_QUEUE         0x14              MY_RTOS/Scheduler.o
MYRTOS_idleTask     0x44              MY_RTOS/Scheduler.o
Task2LED            0x1               Src/main.o
Task3               0x44              Src/main.o
Task1LED            0x1               Src/main.o
PinCfg              0x4               HAL_Layer_Driver/LCD_Driver/lcd.o
Global_SPI_Config1  0x18              STM32_F103C6_Drivers/STM32_F103C6_SPI_Driver.o
Task2               0x44              Src/main.o
IdleTaskLed         0x1               MY_RTOS/Scheduler.o
GP_IRQ_CallBack     0x3c              STM32_F103C6_Drivers/STM32_F103C6_EXTI_Driver.o
Ready_QUEUE_FIFO    0x28              MY_RTOS/Scheduler.o
Task3LED            0x1               Src/main.o

Discarded input sections

 .text          0x0000000000000000        0x0 c:/st/stm32cubeide_1.4.0/stm32cubeide/plugins/com.st.stm32cube.ide.mcu.externaltools.gnu-tools-for-stm32.7-2018-q2-update.win32_1.4.0.202007081208/tools/bin/../lib/gcc/arm-none-eabi/7.3.1/thumb/v7-m/crti.o
 .data          0x0000000000000000        0x0 c:/st/stm32cubeide_1.4.0/stm32cubeide/plugins/com.st.stm32cube.ide.mcu.externaltools.gnu-tools-for-stm32.7-2018-q2-update.win32_1.4.0.202007081208/tools/bin/../lib/gcc/arm-none-eabi/7.3.1/thumb/v7-m/crti.o
 .bss           0x0000000000000000        0x0 c:/st/stm32cubeide_1.4.0/stm32cubeide/plugins/com.st.stm32cube.ide.mcu.externaltools.gnu-tools-for-stm32.7-2018-q2-update.win32_1.4.0.202007081208/tools/bin/../lib/gcc/arm-none-eabi/7.3.1/thumb/v7-m/crti.o
[...]
Memory Configuration

Name             Origin             Length             Attributes
RAM              0x0000000020000000 0x0000000000002800 xrw
ROM              0x0000000008000000 0x0000000000008000 xr
*default*        0x0000000000000000 0xffffffffffffffff

Linker script and memory map

LOAD c:/st/stm32cubeide_1.4.0/stm32cubeide/plugins/com.st.stm32cube.ide.mcu.externaltools.gnu-tools-for-stm32.7-2018-q2-update.win32_1.4.0.202007081208/tools/bin/../lib/gcc/arm-none-eabi/7.3.1/thumb/v7-m/crti.o
LOAD c:/st/stm32cubeide_1.4.0/stm32cubeide/plugins/com.st.stm32cube.ide.mcu.externaltools.gnu-tools-for-stm32.7-2018-q2-update.win32_1.4.0.202007081208/tools/bin/../lib/gcc/arm-none-eabi/7.3.1/thumb/v7-m/crtbegin.o
LOAD c:/st/stm32cubeide_1.4.0/stm32cubeide/plugins/com.st.stm32cube.ide.mcu.externaltools.gnu-tools-for-stm32.7-2018-q2-update.win32_1.4.0.202007081208/tools/bin/../lib/gcc/arm-none-eabi/7.3.1/../../../../arm-none-eabi/lib/thumb/v7-m/crt0.o
LOAD HAL_Layer_Driver/I2C_EEPROM_Slave/I2C_EEPROM_Slave.o
LOAD HAL_Layer_Driver/KEYPAD_Driver/keypad.o
LOAD HAL_Layer_Driver/LCD_Driver/lcd.o
LOAD MY_RTOS/CortexMX_OS_porting.o
LOAD MY_RTOS/MYRTOS_FIFO.o
LOAD MY_RTOS/Scheduler.o
LOAD STM32_F103C6_Drivers/STM32_F103C6_EXTI_Driver.o
LOAD STM32_F103C6_Drivers/STM32_F103C6_GPIO_Driver.o
LOAD STM32_F103C6_Drivers/STM32_F103C6_I2C_Driver.o
LOAD STM32_F103C6_Drivers/STM32_F103C6_RCC_Driver.o
LOAD STM32_F103C6_Drivers/STM32_F103C6_SPI_Driver.o
LOAD STM32_F103C6_Drivers/STM32_F103C6_USART_Driver.o
LOAD Src/main.o
LOAD Src/syscalls.o
LOAD Src/sysmem.o
LOAD Startup/startup_stm32f103c6tx.o
START GROUP
LOAD c:/st/stm32cubeide_1.4.0/stm32cubeide/plugins/com.st.stm32cube.ide.mcu.externaltools.gnu-tools-for-stm32.7-2018-q2-update.win32_1.4.0.202007081208/tools/bin/../lib/gcc/arm-none-eabi/7.3.1/../../../../arm-none-eabi/lib/thumb/v7-m\libc_nano.a
LOAD c:/st/stm32cubeide_1.4.0/stm32cubeide/plugins/com.st.stm32cube.ide.mcu.externaltools.gnu-tools-for-stm32.7-2018-q2-update.win32_1.4.0.202007081208/tools/bin/../lib/gcc/arm-none-eabi/7.3.1/../../../../arm-none-eabi/lib/thumb/v7-m\libm.a
END GROUP
START GROUP
LOAD c:/st/stm32cubeide_1.4.0/stm32cubeide/plugins/com.st.stm32cube.ide.mcu.externaltools.gnu-tools-for-stm32.7-2018-q2-update.win32_1.4.0.202007081208/tools/bin/../lib/gcc/arm-none-eabi/7.3.1/thumb/v7-m\libgcc.a
LOAD c:/st/stm32cubeide_1.4.0/stm32cubeide/plugins/com.st.stm32cube.ide.mcu.externaltools.gnu-tools-for-stm32.7-2018-q2-update.win32_1.4.0.202007081208/tools/bin/../lib/gcc/arm-none-eabi/7.3.1/../../../../arm-none-eabi/lib/thumb/v7-m\libg_nano.a
LOAD c:/st/stm32cubeide_1.4.0/stm32cubeide/plugins/com.st.stm32cube.ide.mcu.externaltools.gnu-tools-for-stm32.7-2018-q2-update.win32_1.4.0.202007081208/tools/bin/../lib/gcc/arm-none-eabi/7.3.1/../../../../arm-none-eabi/lib/thumb/v7-m\libc_nano.a
END GROUP
START GROUP
LOAD c:/st/stm32cubeide_1.4.0/stm32cubeide/plugins/com.st.stm32cube.ide.mcu.externaltools.gnu-tools-for-stm32.7-2018-q2-update.win32_1.4.0.202007081208/tools/bin/../lib/gcc/arm-none-eabi/7.3.1/thumb/v7-m\libgcc.a
LOAD c:/st/stm32cubeide_1.4.0/stm32cubeide/plugins/com.st.stm32cube.ide.mcu.externaltools.gnu-tools-for-stm32.7-2018-q2-update.win32_1.4.0.202007081208/tools/bin/../lib/gcc/arm-none-eabi/7.3.1/../../../../arm-none-eabi/lib/thumb/v7-m\libc_nano.a
LOAD c:/st/stm32cubeide_1.4.0/stm32cubeide/plugins/com.st.stm32cube.ide.mcu.externaltools.gnu-tools-for-stm32.7-2018-q2-update.win32_1.4.0.202007081208/tools/bin/../lib/gcc/arm-none-eabi/7.3.1/../../../../arm-none-eabi/lib/thumb/v7-m\libnosys.a
END GROUP
START GROUP
LOAD c:/st/stm32cubeide_1.4.0/stm32cubeide/plugins/com.st.stm32cube.ide.mcu.externaltools.gnu-tools-for-stm32.7-2018-q2-update.win32_1.4.0.202007081208/tools/bin/../lib/gcc/arm-none-eabi/7.3.1/thumb/v7-m\libgcc.a
LOAD c:/st/stm32cubeide_1.4.0/stm32cubeide/plugins/com.st.stm32cube.ide.mcu.externaltools.gnu-tools-for-stm32.7-2018-q2-update.win32_1.4.0.202007081208/tools/bin/../lib/gcc/arm-none-eabi/7.3.1/../../../../arm-none-eabi/lib/thumb/v7-m\libc_nano.a
LOAD c:/st/stm32cubeide_1.4.0/stm32cubeide/plugins/com.st.stm32cube.ide.mcu.externaltools.gnu-tools-for-stm32.7-2018-q2-update.win32_1.4.0.202007081208/tools/bin/../lib/gcc/arm-none-eabi/7.3.1/../../../../arm-none-eabi/lib/thumb/v7-m\libnosys.a
END GROUP
LOAD c:/st/stm32cubeide_1.4.0/stm32cubeide/plugins/com.st.stm32cube.ide.mcu.externaltools.gnu-tools-for-stm32.7-2018-q2-update.win32_1.4.0.202007081208/tools/bin/../lib/gcc/arm-none-eabi/7.3.1/thumb/v7-m/crtend.o
LOAD c:/st/stm32cubeide_1.4.0/stm32cubeide/plugins/com.st.stm32cube.ide.mcu.externaltools.gnu-tools-for-stm32.7-2018-q2-update.win32_1.4.0.202007081208/tools/bin/../lib/gcc/arm-none-eabi/7.3.1/thumb/v7-m/crtn.o
                0x0000000020002800                _estack = (ORIGIN (RAM) + LENGTH (RAM))
                0x0000000000000200                _Min_Heap_Size = 0x200
                0x0000000000000400                _Min_Stack_Size = 0x400

.isr_vector     0x0000000008000000      0x130
                0x0000000008000000                . = ALIGN (0x4)
 *(.isr_vector)
 .isr_vector    0x0000000008000000      0x130 Startup/startup_stm32f103c6tx.o
                0x0000000008000000                g_pfnVectors
                0x0000000008000130                . = ALIGN (0x4)

.text           0x0000000008000130     0x10d4
                0x0000000008000130                . = ALIGN (0x4)
 *(.text)
 .text          0x0000000008000130       0x40 c:/st/stm32cubeide_1.4.0/stm32cubeide/plugins/com.st.stm32cube.ide.mcu.externaltools.gnu-tools-for-stm32.7-2018-q2-update.win32_1.4.0.202007081208/tools/bin/../lib/gcc/arm-none-eabi/7.3.1/thumb/v7-m/crtbegin.o
 .text          0x0000000008000170       0x14 c:/st/stm32cubeide_1.4.0/stm32cubeide/plugins/com.st.stm32cube.ide.mcu.externaltools.gnu-tools-for-stm32.7-2018-q2-update.win32_1.4.0.202007081208/tools/bin/../lib/gcc/arm-none-eabi/7.3.1/../../../../arm-none-eabi/lib/thumb/v7-m\libc_nano.a(lib_a-strcmp.o)
                0x0000000008000170                strcmp
 *(.text*)
 .text.__NVIC_SetPriority
                0x0000000008000184       0x54 MY_RTOS/CortexMX_OS_porting.o
 .text.SysTick_Config
                0x00000000080001d8       0x44 MY_RTOS/CortexMX_OS_porting.o
 .text.HardFault_Handler
                0x000000000800021c        0x6 MY_RTOS/CortexMX_OS_porting.o
                0x000000000800021c                HardFault_Handler
 .text.MemManage_Handler
                0x0000000008000222        0x6 MY_RTOS/CortexMX_OS_porting.o
                0x0000000008000222                MemManage_Handler
 .text.BusFault_Handler
                0x0000000008000228        0x6 MY_RTOS/CortexMX_OS_porting.o
                0x0000000008000228                BusFault_Handler
 .text.UsageFault_Handler
                0x000000000800022e        0x6 MY_RTOS/CortexMX_OS_porting.o
                0x000000000800022e                UsageFault_Handler
 .text.SVC_Handler
                0x0000000008000234       0x14 MY_RTOS/CortexMX_OS_porting.o
                0x0000000008000234                SVC_Handler
 .text.HW_init  0x0000000008000248       0x12 MY_RTOS/CortexMX_OS_porting.o
                0x0000000008000248                HW_init
 *fill*         0x000000000800025a        0x2 
 .text.trigger_OS_PendSV
                0x000000000800025c       0x1c MY_RTOS/CortexMX_OS_porting.o
                0x000000000800025c                trigger_OS_PendSV
 .text.Start_Tiker
                0x0000000008000278       0x10 MY_RTOS/CortexMX_OS_porting.o
                0x0000000008000278                Start_Tiker
 .text.SysTick_Handler
                0x0000000008000288       0x28 MY_RTOS/CortexMX_OS_porting.o
                0x0000000008000288                SysTick_Handler
 .text.FIFO_init
                0x00000000080002b0       0x40 MY_RTOS/MYRTOS_FIFO.o
                0x00000000080002b0                FIFO_init
 .text.FIFO_enqueue
                0x00000000080002f0       0x8c MY_RTOS/MYRTOS_FIFO.o
                0x00000000080002f0                FIFO_enqueue
 .text.FIFO_dequeue
                0x000000000800037c       0x8c MY_RTOS/MYRTOS_FIFO.o
                0x000000000800037c                FIFO_dequeue
 .text.FIFO_IS_FULL
                0x0000000008000408       0x40 MY_RTOS/MYRTOS_FIFO.o
                0x0000000008000408                FIFO_IS_FULL
 .text.MYRTOS_Create_MainStack
                0x0000000008000448       0x50 MY_RTOS/Scheduler.o
                0x0000000008000448                MYRTOS_Create_MainStack
 .text.MYRTOS_IdleTask
                0x0000000008000498       0x1c MY_RTOS/Scheduler.o
                0x0000000008000498                MYRTOS_IdleTask
 .text.MYRTOS_init
                0x00000000080004b4       0x8c MY_RTOS/Scheduler.o
                0x00000000080004b4                MYRTOS_init
 .text.MyRTOS_Create_TaskStack
                0x0000000008000540       0x7c MY_RTOS/Scheduler.o
                0x0000000008000540                MyRTOS_Create_TaskStack
 .text.MYRTOS_CreateTask
                0x00000000080005bc       0x7c MY_RTOS/Scheduler.o
                0x00000000080005bc                MYRTOS_CreateTask
 .text.bubbleSort
                0x0000000008000638       0x90 MY_RTOS/Scheduler.o
                0x0000000008000638                bubbleSort
 .text.MYRTOS_Update_Schedule_tables
                0x00000000080006c8       0xc0 MY_RTOS/Scheduler.o
                0x00000000080006c8                MYRTOS_Update_Schedule_tables
 .text.Decide_whatNext
                0x0000000008000788       0xa4 MY_RTOS/Scheduler.o
                0x0000000008000788                Decide_whatNext
 .text.PendSV_Handler
                0x000000000800082c      0x1c4 MY_RTOS/Scheduler.o
                0x000000000800082c                PendSV_Handler
 .text.OS_SVC   0x00000000080009f0       0x6c MY_RTOS/Scheduler.o
                0x00000000080009f0                OS_SVC
 .text.MYRTOS_OS_SVC_SET
                0x0000000008000a5c       0x4c MY_RTOS/Scheduler.o
                0x0000000008000a5c                MYRTOS_OS_SVC_SET
 .text.MYRTOS_ActivateTask
                0x0000000008000aa8       0x20 MY_RTOS/Scheduler.o
                0x0000000008000aa8                MYRTOS_ActivateTask
 .text.MYRTOS_TerminateTask
                0x0000000008000ac8       0x20 MY_RTOS/Scheduler.o
                0x0000000008000ac8                MYRTOS_TerminateTask
 .text.MYRTOS_STARTOS
                0x0000000008000ae8       0x5c MY_RTOS/Scheduler.o
                0x0000000008000ae8                MYRTOS_STARTOS
 .text.MYRTOS_Update_TasksWaitingTime
                0x0000000008000b44       0x88 MY_RTOS/Scheduler.o
                0x0000000008000b44                MYRTOS_Update_TasksWaitingTime
 .text.EXTI0_IRQHandler
                0x0000000008000bcc       0x24 STM32_F103C6_Drivers/STM32_F103C6_EXTI_Driver.o
                0x0000000008000bcc                EXTI0_IRQHandler
 .text.EXTI1_IRQHandler
                0x0000000008000bf0       0x24 STM32_F103C6_Drivers/STM32_F103C6_EXTI_Driver.o
                0x0000000008000bf0                EXTI1_IRQHandler
 .text.EXTI2_IRQHandler
                0x0000000008000c14       0x24 STM32_F103C6_Drivers/STM32_F103C6_EXTI_Driver.o
                0x0000000008000c14                EXTI2_IRQHandler
 .text.EXTI3_IRQHandler
                0x0000000008000c38       0x24 STM32_F103C6_Drivers/STM32_F103C6_EXTI_Driver.o
                0x0000000008000c38                EXTI3_IRQHandler
 .text.EXTI4_IRQHandler
                0x0000000008000c5c       0x24 STM32_F103C6_Drivers/STM32_F103C6_EXTI_Driver.o
                0x0000000008000c5c                EXTI4_IRQHandler
 .text.EXTI9_5_IRQHandler
                0x0000000008000c80       0xa8 STM32_F103C6_Drivers/STM32_F103C6_EXTI_Driver.o
                0x0000000008000c80                EXTI9_5_IRQHandler
 .text.EXTI15_10_IRQHandler
                0x0000000008000d28       0xc4 STM32_F103C6_Drivers/STM32_F103C6_EXTI_Driver.o
                0x0000000008000d28                EXTI15_10_IRQHandler
 .text.SPI1_IRQHandler
                0x0000000008000dec       0x5c STM32_F103C6_Drivers/STM32_F103C6_SPI_Driver.o
                0x0000000008000dec                SPI1_IRQHandler
 .text.SPI2_IRQHandler
                0x0000000008000e48       0x5c STM32_F103C6_Drivers/STM32_F103C6_SPI_Driver.o
                0x0000000008000e48                SPI2_IRQHandler
 .text.USART1_IRQHandler
                0x0000000008000ea4       0x14 STM32_F103C6_Drivers/STM32_F103C6_USART_Driver.o
                0x0000000008000ea4                USART1_IRQHandler
 .text.USART2_IRQHandler
                0x0000000008000eb8       0x14 STM32_F103C6_Drivers/STM32_F103C6_USART_Driver.o
                0x0000000008000eb8                USART2_IRQHandler
 .text.USART3_IRQHandler
                0x0000000008000ecc       0x14 STM32_F103C6_Drivers/STM32_F103C6_USART_Driver.o
                0x0000000008000ecc                USART3_IRQHandler
 .text.task1    0x0000000008000ee0       0x48 Src/main.o
                0x0000000008000ee0                task1
 .text.task2    0x0000000008000f28       0x50 Src/main.o
                0x0000000008000f28                task2
 .text.task3    0x0000000008000f78       0x50 Src/main.o
                0x0000000008000f78                task3
 .text.task4    0x0000000008000fc8       0x44 Src/main.o
                0x0000000008000fc8                task4
 .text.main     0x000000000800100c      0x144 Src/main.o
                0x000000000800100c                main
 .text.Reset_Handler
                0x0000000008001150       0x50 Startup/startup_stm32f103c6tx.o
                0x0000000008001150                Reset_Handler
 .text.Default_Handler
                0x00000000080011a0        0x2 Startup/startup_stm32f103c6tx.o
                0x00000000080011a0                TIM8_TRG_COM_IRQHandler
                0x00000000080011a0                TIM8_CC_IRQHandler
                0x00000000080011a0                DebugMon_Handler
                0x00000000080011a0                TIM1_CC_IRQHandler
                0x00000000080011a0                TIM6_IRQHandler
                0x00000000080011a0                PVD_IRQHandler
                0x00000000080011a0                SDIO_IRQHandler
                0x00000000080011a0                NMI_Handler
                0x00000000080011a0                USB_HP_CAN_TX_IRQHandler
                0x00000000080011a0                I2C2_EV_IRQHandler
                0x00000000080011a0                ADC1_2_IRQHandler
                0x00000000080011a0                CAN_SCE_IRQHandler
                0x00000000080011a0                TAMPER_IRQHandler
                0x00000000080011a0                TIM8_UP_IRQHandler
                0x00000000080011a0                DMA2_Channel2_IRQHandler
                0x00000000080011a0                DMA1_Channel4_IRQHandler
                0x00000000080011a0                RTC_IRQHandler
                0x00000000080011a0                DMA1_Channel7_IRQHandler
                0x00000000080011a0                UART5_IRQHandler
                0x00000000080011a0                ADC3_IRQHandler
                0x00000000080011a0                TIM4_IRQHandler
                0x00000000080011a0                CAN_RX1_IRQHandler
                0x00000000080011a0                DMA2_Channel1_IRQHandler
                0x00000000080011a0                I2C1_EV_IRQHandler
                0x00000000080011a0                DMA1_Channel6_IRQHandler
                0x00000000080011a0                UART4_IRQHandler
                0x00000000080011a0                TIM3_IRQHandler
                0x00000000080011a0                RCC_IRQHandler
                0x00000000080011a0                TIM1_TRG_COM_IRQHandler
                0x00000000080011a0                DMA1_Channel1_IRQHandler
                0x00000000080011a0                Default_Handler
                0x00000000080011a0                TIM7_IRQHandler
                0x00000000080011a0                TIM5_IRQHandler
                0x00000000080011a0                USB_LP_CAN_RX0_IRQHandler
                0x00000000080011a0                DMA1_Channel5_IRQHandler
                0x00000000080011a0                DMA1_Channel3_IRQHandler
                0x00000000080011a0                FSMC_IRQHandler
                0x00000000080011a0                TIM1_UP_IRQHandler
                0x00000000080011a0                WWDG_IRQHandler
                0x00000000080011a0                TIM2_IRQHandler
                0x00000000080011a0                TIM1_BRK_IRQHandler
                0x00000000080011a0                RTCAlarm_IRQHandler
                0x00000000080011a0                DMA2_Channel4_5_IRQHandler
                0x00000000080011a0                I2C2_ER_IRQHandler
                0x00000000080011a0                DMA1_Channel2_IRQHandler
                0x00000000080011a0                TIM8_BRK_IRQHandler
                0x00000000080011a0                FLASH_IRQHandler
                0x00000000080011a0                SPI3_IRQHandler
                0x00000000080011a0                I2C1_ER_IRQHandler
                0x00000000080011a0                DMA2_Channel3_IRQHandler
 *fill*         0x00000000080011a2        0x2 
 .text.__libc_init_array
                0x00000000080011a4       0x48 c:/st/stm32cubeide_1.4.0/stm32cubeide/plugins/com.st.stm32cube.ide.mcu.externaltools.gnu-tools-for-stm32.7-2018-q2-update.win32_1.4.0.202007081208/tools/bin/../lib/gcc/arm-none-eabi/7.3.1/../../../../arm-none-eabi/lib/thumb/v7-m\libc_nano.a(lib_a-init.o)
                0x00000000080011a4                __libc_init_array
 *(.glue_7)
 .glue_7        0x00000000080011ec        0x0 linker stubs
 *(.glue_7t)
 .glue_7t       0x00000000080011ec        0x0 linker stubs
 *(.eh_frame)
 .eh_frame      0x00000000080011ec        0x0 c:/st/stm32cubeide_1.4.0/stm32cubeide/plugins/com.st.stm32cube.ide.mcu.externaltools.gnu-tools-for-stm32.7-2018-q2-update.win32_1.4.0.202007081208/tools/bin/../lib/gcc/arm-none-eabi/7.3.1/thumb/v7-m/crtbegin.o
 *(.init)
 .init          0x00000000080011ec        0x4 c:/st/stm32cubeide_1.4.0/stm32cubeide/plugins/com.st.stm32cube.ide.mcu.externaltools.gnu-tools-for-stm32.7-2018-q2-update.win32_1.4.0.202007081208/tools/bin/../lib/gcc/arm-none-eabi/7.3.1/thumb/v7-m/crti.o
                0x00000000080011ec                _init
 .init          0x00000000080011f0        0x8 c:/st/stm32cubeide_1.4.0/stm32cubeide/plugins/com.st.stm32cube.ide.mcu.externaltools.gnu-tools-for-stm32.7-2018-q2-update.win32_1.4.0.202007081208/tools/bin/../lib/gcc/arm-none-eabi/7.3.1/thumb/v7-m/crtn.o
 *(.fini)
 .fini          0x00000000080011f8        0x4 c:/st/stm32cubeide_1.4.0/stm32cubeide/plugins/com.st.stm32cube.ide.mcu.externaltools.gnu-tools-for-stm32.7-2018-q2-update.win32_1.4.0.202007081208/tools/bin/../lib/gcc/arm-none-eabi/7.3.1/thumb/v7-m/crti.o
                0x00000000080011f8                _fini
 .fini          0x00000000080011fc        0x8 c:/st/stm32cubeide_1.4.0/stm32cubeide/plugins/com.st.stm32cube.ide.mcu.externaltools.gnu-tools-for-stm32.7-2018-q2-update.win32_1.4.0.202007081208/tools/bin/../lib/gcc/arm-none-eabi/7.3.1/thumb/v7-m/crtn.o
                0x0000000008001204                . = ALIGN (0x4)
                0x0000000008001204                _etext = .

.vfp11_veneer   0x0000000008001204        0x0
 .vfp11_veneer  0x0000000008001204        0x0 linker stubs

.v4_bx          0x0000000008001204        0x0
 .v4_bx         0x0000000008001204        0x0 linker stubs

.iplt           0x0000000008001204        0x0
 .iplt          0x0000000008001204        0x0 c:/st/stm32cubeide_1.4.0/stm32cubeide/plugins/com.st.stm32cube.ide.mcu.externaltools.gnu-tools-for-stm32.7-2018-q2-update.win32_1.4.0.202007081208/tools/bin/../lib/gcc/arm-none-eabi/7.3.1/thumb/v7-m/crtbegin.o

.rodata         0x0000000008001204       0x2c
                0x0000000008001204                . = ALIGN (0x4)
 *(.rodata)
 .rodata        0x0000000008001204        0x9 MY_RTOS/Scheduler.o
 *fill*         0x000000000800120d        0x3 
 .rodata        0x0000000008001210       0x1f Src/main.o
 *(.rodata*)
                0x0000000008001230                . = ALIGN (0x4)
 *fill*         0x000000000800122f        0x1 

.rel.dyn        0x0000000008001230        0x0
 .rel.iplt      0x0000000008001230        0x0 c:/st/stm32cubeide_1.4.0/stm32cubeide/plugins/com.st.stm32cube.ide.mcu.externaltools.gnu-tools-for-stm32.7-2018-q2-update.win32_1.4.0.202007081208/tools/bin/../lib/gcc/arm-none-eabi/7.3.1/thumb/v7-m/crtbegin.o

.ARM.extab      0x0000000008001230        0x0
                0x0000000008001230                . = ALIGN (0x4)
 *(.ARM.extab* .gnu.linkonce.armextab.*)
                0x0000000008001230                . = ALIGN (0x4)

.ARM            0x0000000008001230        0x0
                0x0000000008001230                . = ALIGN (0x4)
                0x0000000008001230                __exidx_start = .
 *(.ARM.exidx*)
                0x0000000008001230                __exidx_end = .
                0x0000000008001230                . = ALIGN (0x4)

.preinit_array  0x0000000008001230        0x0
                0x0000000008001230                . = ALIGN (0x4)
                0x0000000008001230                PROVIDE (__preinit_array_start = .)
 *(.preinit_array*)
                0x0000000008001230                PROVIDE (__preinit_array_end = .)
                0x0000000008001230                . = ALIGN (0x4)

.init_array     0x0000000008001230        0x4
                0x0000000008001230                . = ALIGN (0x4)
                0x0000000008001230                PROVIDE (__init_array_start = .)
 *(SORT_BY_NAME(.init_array.*))
 *(.init_array*)
 .init_array    0x0000000008001230        0x4 c:/st/stm32cubeide_1.4.0/stm32cubeide/plugins/com.st.stm32cube.ide.mcu.externaltools.gnu-tools-for-stm32.7-2018-q2-update.win32_1.4.0.202007081208/tools/bin/../lib/gcc/arm-none-eabi/7.3.1/thumb/v7-m/crtbegin.o
                0x0000000008001234                PROVIDE (__init_array_end = .)
                0x0000000008001234                . = ALIGN (0x4)

.fini_array     0x0000000008001234        0x4
                0x0000000008001234                . = ALIGN (0x4)
                [!provide]                        PROVIDE (__fini_array_start = .)
 *(SORT_BY_NAME(.fini_array.*))
 *(.fini_array*)
 .fini_array    0x0000000008001234        0x4 c:/st/stm32cubeide_1.4.0/stm32cubeide/plugins/com.st.stm32cube.ide.mcu.externaltools.gnu-tools-for-stm32.7-2018-q2-update.win32_1.4.0.202007081208/tools/bin/../lib/gcc/arm-none-eabi/7.3.1/thumb/v7-m/crtbegin.o
                [!provide]                        PROVIDE (__fini_array_end = .)
                0x0000000008001238                . = ALIGN (0x4)
                0x0000000008001238                _sidata = LOADADDR (.data)

.data           0x0000000020000000        0x0 load address 0x0000000008001238
                0x0000000020000000                . = ALIGN (0x4)
                0x0000000020000000                _sdata = .
 *(.data)
 *(.data*)
                0x0000000020000000                . = ALIGN (0x4)
                0x0000000020000000                _edata = .

.igot.plt       0x0000000020000000        0x0 load address 0x0000000008001238
 .igot.plt      0x0000000020000000        0x0 c:/st/stm32cubeide_1.4.0/stm32cubeide/plugins/com.st.stm32cube.ide.mcu.externaltools.gnu-tools-for-stm32.7-2018-q2-update.win32_1.4.0.202007081208/tools/bin/../lib/gcc/arm-none-eabi/7.3.1/thumb/v7-m/crtbegin.o
                0x0000000020000000                . = ALIGN (0x4)

.bss            0x0000000020000000      0x3cc load address 0x0000000008001238
                0x0000000020000000                _sbss = .
                0x0000000020000000                __bss_start__ = _sbss
 *(.bss)
 .bss           0x0000000020000000       0x1c c:/st/stm32cubeide_1.4.0/stm32cubeide/plugins/com.st.stm32cube.ide.mcu.externaltools.gnu-tools-for-stm32.7-2018-q2-update.win32_1.4.0.202007081208/tools/bin/../lib/gcc/arm-none-eabi/7.3.1/thumb/v7-m/crtbegin.o
 *(.bss*)
 .bss.Global_SPI_Config
                0x000000002000001c        0x8 STM32_F103C6_Drivers/STM32_F103C6_SPI_Driver.o
                0x000000002000001c                Global_SPI_Config
 .bss.Count.6360
                0x0000000020000024        0x4 Src/main.o
 .bss.Count.6364
                0x0000000020000028        0x4 Src/main.o
 .bss.Count.6368
                0x000000002000002c        0x4 Src/main.o
 .bss.Count.6372
                0x0000000020000030        0x4 Src/main.o
 *(COMMON)
 COMMON         0x0000000020000034        0x1 MY_RTOS/CortexMX_OS_porting.o
                0x0000000020000034                SysTickLED
 *fill*         0x0000000020000035        0x3 
 COMMON         0x0000000020000038      0x230 MY_RTOS/Scheduler.o
                0x0000000020000038                OS_Control
                0x00000000200001e4                Ready_QUEUE
                0x00000000200001f8                MYRTOS_idleTask
                0x000000002000023c                IdleTaskLed
                0x0000000020000240                Ready_QUEUE_FIFO
 COMMON         0x0000000020000268       0x3c STM32_F103C6_Drivers/STM32_F103C6_EXTI_Driver.o
                0x0000000020000268                GP_IRQ_CallBack
 COMMON         0x00000000200002a4        0xc STM32_F103C6_Drivers/STM32_F103C6_USART_Driver.o
                0x00000000200002a4                pFun
 COMMON         0x00000000200002b0      0x119 Src/main.o
                0x00000000200002b0                Task4
                0x00000000200002f4                Task1
                0x0000000020000338                Task4LED
                0x0000000020000339                Task2LED
                0x000000002000033c                Task3
                0x0000000020000380                Task1LED
                0x0000000020000384                Task2
                0x00000000200003c8                Task3LED
                0x00000000200003cc                . = ALIGN (0x4)
 *fill*         0x00000000200003c9        0x3 
                0x00000000200003cc                _ebss = .
                0x00000000200003cc                __bss_end__ = _ebss

._user_heap_stack
                0x00000000200003cc      0x604 load address 0x0000000008001238
                0x00000000200003d0                . = ALIGN (0x8)
 *fill*         0x00000000200003cc        0x4 
                [!provide]                        PROVIDE (end = .)
                0x00000000200003d0                PROVIDE (_end = .)
                0x00000000200005d0                . = (. + _Min_Heap_Size)
 *fill*         0x00000000200003d0      0x200 
                0x00000000200009d0                . = (. + _Min_Stack_Size)
 *fill*         0x00000000200005d0      0x400 
                0x00000000200009d0                . = ALIGN (0x8)
                0x00000000200009d0                _eheap = .

/DISCARD/
 libc.a(*)
 libm.a(*)
 libgcc.a(*)

.ARM.attributes
                0x0000000000000000       0x29
 *(.ARM.attributes)
 .ARM.attributes
                0x0000000000000000       0x1d c:/st/stm32cubeide_1.4.0/stm32cubeide/plugins/com.st.stm32cube.ide.mcu.externaltools.gnu-tools-for-stm32.7-2018-q2-update.win32_1.4.0.202007081208/tools/bin/../lib/gcc/arm-none-eabi/7.3.1/thumb/v7-m/crti.o
 .ARM.attributes
                0x000000000000001d       0x2d c:/st/stm32cubeide_1.4.0/stm32cubeide/plugins/com.st.stm32cube.ide.mcu.externaltools.gnu-tools-for-stm32.7-2018-q2-update.win32_1.4.0.202007081208/tools/bin/../lib/gcc/arm-none-eabi/7.3.1/thumb/v7-m/crtbegin.o
 .ARM.attributes
                0x000000000000004a       0x33 MY_RTOS/CortexMX_OS_porting.o
 .ARM.attributes
                0x000000000000007d       0x33 MY_RTOS/MYRTOS_FIFO.o
 .ARM.attributes
                0x00000000000000b0       0x33 MY_RTOS/Scheduler.o
 .ARM.attributes
                0x00000000000000e3       0x33 STM32_F103C6_Drivers/STM32_F103C6_EXTI_Driver.o
 .ARM.attributes
                0x0000000000000116       0x33 STM32_F103C6_Drivers/STM32_F103C6_SPI_Driver.o
 .ARM.attributes
                0x0000000000000149       0x33 STM32_F103C6_Drivers/STM32_F103C6_USART_Driver.o
 .ARM.attributes
                0x000000000000017c       0x33 Src/main.o
 .ARM.attributes
                0x00000000000001af       0x21 Startup/startup_stm32f103c6tx.o
 .ARM.attributes
                0x00000000000001d0       0x2d c:/st/stm32cubeide_1.4.0/stm32cubeide/plugins/com.st.stm32cube.ide.mcu.externaltools.gnu-tools-for-stm32.7-2018-q2-update.win32_1.4.0.202007081208/tools/bin/../lib/gcc/arm-none-eabi/7.3.1/../../../../arm-none-eabi/lib/thumb/v7-m\libc_nano.a(lib_a-init.o)
 .ARM.attributes
                0x00000000000001fd       0x1b c:/st/stm32cubeide_1.4.0/stm32cubeide/plugins/com.st.stm32cube.ide.mcu.externaltools.gnu-tools-for-stm32.7-2018-q2-update.win32_1.4.0.202007081208/tools/bin/../lib/gcc/arm-none-eabi/7.3.1/../../../../arm-none-eabi/lib/thumb/v7-m\libc_nano.a(lib_a-strcmp.o)
 .ARM.attributes
                0x0000000000000218       0x1d c:/st/stm32cubeide_1.4.0/stm32cubeide/plugins/com.st.stm32cube.ide.mcu.externaltools.gnu-tools-for-stm32.7-2018-q2-update.win32_1.4.0.202007081208/tools/bin/../lib/gcc/arm-none-eabi/7.3.1/thumb/v7-m/crtn.o
OUTPUT(RTOS_Part4_5.axf elf32-littlearm)

.debug_info     0x0000000000000000     0x5b69
 .debug_info    0x0000000000000000      0x642 MY_RTOS/CortexMX_OS_porting.o
 .debug_info    0x0000000000000642      0xc93 MY_RTOS/MYRTOS_FIFO.o
 .debug_info    0x00000000000012d5     0x10db MY_RTOS/Scheduler.o
 .debug_info    0x00000000000023b0      0xdbf STM32_F103C6_Drivers/STM32_F103C6_EXTI_Driver.o
 .debug_info    0x000000000000316f      0xef7 STM32_F103C6_Drivers/STM32_F103C6_SPI_Driver.o
 .debug_info    0x0000000000004066      0xe20 STM32_F103C6_Drivers/STM32_F103C6_USART_Driver.o
 .debug_info    0x0000000000004e86      0xcc1 Src/main.o
 .debug_info    0x0000000000005b47       0x22 Startup/startup_stm32f103c6tx.o

.debug_abbrev   0x0000000000000000      0xfed
 .debug_abbrev  0x0000000000000000      0x1e0 MY_RTOS/CortexMX_OS_porting.o
 .debug_abbrev  0x00000000000001e0      0x1ef MY_RTOS/MYRTOS_FIFO.o
 .debug_abbrev  0x00000000000003cf      0x36b MY_RTOS/Scheduler.o
 .debug_abbrev  0x000000000000073a      0x210 STM32_F103C6_Drivers/STM32_F103C6_EXTI_Driver.o
 .debug_abbrev  0x000000000000094a      0x240 STM32_F103C6_Drivers/STM32_F103C6_SPI_Driver.o
 .debug_abbrev  0x0000000000000b8a      0x24c STM32_F103C6_Drivers/STM32_F103C6_USART_Driver.o
 .debug_abbrev  0x0000000000000dd6      0x205 Src/main.o
 .debug_abbrev  0x0000000000000fdb       0x12 Startup/startup_stm32f103c6tx.o

.debug_loc      0x0000000000000000     0x11dc
 .debug_loc     0x0000000000000000      0x224 MY_RTOS/CortexMX_OS_porting.o
 .debug_loc     0x0000000000000224      0x164 MY_RTOS/MYRTOS_FIFO.o
 .debug_loc     0x0000000000000388      0x4fc MY_RTOS/Scheduler.o
 .debug_loc     0x0000000000000884      0x320 STM32_F103C6_Drivers/STM32_F103C6_EXTI_Driver.o
 .debug_loc     0x0000000000000ba4      0x2bc STM32_F103C6_Drivers/STM32_F103C6_SPI_Driver.o
 .debug_loc     0x0000000000000e60      0x294 STM32_F103C6_Drivers/STM32_F103C6_USART_Driver.o
 .debug_loc     0x00000000000010f4       0xe8 Src/main.o

.debug_aranges  0x0000000000000000      0x2f0
 .debug_aranges
                0x0000000000000000       0x70 MY_RTOS/CortexMX_OS_porting.o
 .debug_aranges
                0x0000000000000070       0x38 MY_RTOS/MYRTOS_FIFO.o
 .debug_aranges
                0x00000000000000a8       0xa8 MY_RTOS/Scheduler.o
 .debug_aranges
                0x0000000000000150       0x80 STM32_F103C6_Drivers/STM32_F103C6_EXTI_Driver.o
 .debug_aranges
                0x00000000000001d0       0x58 STM32_F103C6_Drivers/STM32_F103C6_SPI_Driver.o
 .debug_aranges
                0x0000000000000228       0x60 STM32_F103C6_Drivers/STM32_F103C6_USART_Driver.o
 .debug_aranges
                0x0000000000000288       0x40 Src/main.o
 .debug_aranges
                0x00000000000002c8       0x28 Startup/startup_stm32f103c6tx.o

.debug_ranges   0x0000000000000000      0x278
 .debug_ranges  0x0000000000000000       0x60 MY_RTOS/CortexMX_OS_porting.o
 .debug_ranges  0x0000000000000060       0x28 MY_RTOS/MYRTOS_FIFO.o
 .debug_ranges  0x0000000000000088       0x98 MY_RTOS/Scheduler.o
 .debug_ranges  0x0000000000000120       0x70 STM32_F103C6_Drivers/STM32_F103C6_EXTI_Driver.o
 .debug_ranges  0x0000000000000190       0x48 STM32_F103C6_Drivers/STM32_F103C6_SPI_Driver.o
 .debug_ranges  0x00000000000001d8       0x50 STM32_F103C6_Drivers/STM32_F103C6_USART_Driver.o
 .debug_ranges  0x0000000000000228       0x30 Src/main.o
 .debug_ranges  0x0000000000000258       0x20 Startup/startup_stm32f103c6tx.o

.debug_macro    0x0000000000000000     0x2903
 .debug_macro   0x0000000000000000       0xce MY_RTOS/CortexMX_OS_porting.o
 .debug_macro   0x00000000000000ce       0x28 MY_RTOS/CortexMX_OS_porting.o
 .debug_macro   0x00000000000000f6       0x1c MY_RTOS/CortexMX_OS_porting.o
 .debug_macro   0x0000000000000112       0x22 MY_RTOS/CortexMX_OS_porting.o
 .debug_macro   0x0000000000000134       0xe5 MY_RTOS/CortexMX_OS_porting.o
 .debug_macro   0x0000000000000219      0xe2e MY_RTOS/CortexMX_OS_porting.o
 .debug_macro   0x0000000000001047      0x11f MY_RTOS/CortexMX_OS_porting.o
 .debug_macro   0x0000000000001166       0x2e MY_RTOS/CortexMX_OS_porting.o
 .debug_macro   0x0000000000001194      0x241 MY_RTOS/MYRTOS_FIFO.o
 .debug_macro   0x00000000000013d5       0x40 MY_RTOS/MYRTOS_FIFO.o
 .debug_macro   0x0000000000001415       0x94 MY_RTOS/MYRTOS_FIFO.o
 .debug_macro   0x00000000000014a9       0x16 MY_RTOS/MYRTOS_FIFO.o
 .debug_macro   0x00000000000014bf       0x57 MY_RTOS/MYRTOS_FIFO.o
 .debug_macro   0x0000000000001516       0x97 MY_RTOS/MYRTOS_FIFO.o
 .debug_macro   0x00000000000015ad       0xfd MY_RTOS/MYRTOS_FIFO.o
 .debug_macro   0x00000000000016aa       0x10 MY_RTOS/MYRTOS_FIFO.o
 .debug_macro   0x00000000000016ba       0x10 MY_RTOS/MYRTOS_FIFO.o
 .debug_macro   0x00000000000016ca       0x1c MY_RTOS/MYRTOS_FIFO.o
 .debug_macro   0x00000000000016e6       0x52 MY_RTOS/MYRTOS_FIFO.o
 .debug_macro   0x0000000000001738       0x40 MY_RTOS/MYRTOS_FIFO.o
 .debug_macro   0x0000000000001778       0x10 MY_RTOS/MYRTOS_FIFO.o
 .debug_macro   0x0000000000001788       0x40 MY_RTOS/MYRTOS_FIFO.o
 .debug_macro   0x00000000000017c8       0xd7 MY_RTOS/MYRTOS_FIFO.o
 .debug_macro   0x000000000000189f       0x1c MY_RTOS/MYRTOS_FIFO.o
 .debug_macro   0x00000000000018bb       0x3d MY_RTOS/MYRTOS_FIFO.o
 .debug_macro   0x00000000000018f8       0x16 MY_RTOS/MYRTOS_FIFO.o
 .debug_macro   0x000000000000190e      0x145 MY_RTOS/MYRTOS_FIFO.o
 .debug_macro   0x0000000000001a53       0xdf MY_RTOS/MYRTOS_FIFO.o
 .debug_macro   0x0000000000001b32      0x245 MY_RTOS/Scheduler.o
 .debug_macro   0x0000000000001d77      0x154 STM32_F103C6_Drivers/STM32_F103C6_EXTI_Driver.o
 .debug_macro   0x0000000000001ecb      0x223 STM32_F103C6_Drivers/STM32_F103C6_EXTI_Driver.o
 .debug_macro   0x00000000000020ee      0x166 STM32_F103C6_Drivers/STM32_F103C6_SPI_Driver.o
 .debug_macro   0x0000000000002254       0xbe STM32_F103C6_Drivers/STM32_F103C6_SPI_Driver.o
 .debug_macro   0x0000000000002312      0x157 STM32_F103C6_Drivers/STM32_F103C6_USART_Driver.o
 .debug_macro   0x0000000000002469       0xe2 STM32_F103C6_Drivers/STM32_F103C6_USART_Driver.o
 .debug_macro   0x000000000000254b      0x2bb Src/main.o
 .debug_macro   0x0000000000002806       0xac Src/main.o
 .debug_macro   0x00000000000028b2       0x1c Src/main.o
 .debug_macro   0x00000000000028ce       0x35 Src/main.o

.debug_line     0x0000000000000000     0x32a7
 .debug_line    0x0000000000000000      0x573 MY_RTOS/CortexMX_OS_porting.o
 .debug_line    0x0000000000000573      0x70b MY_RTOS/MYRTOS_FIFO.o
 .debug_line    0x0000000000000c7e      0x8e6 MY_RTOS/Scheduler.o
 .debug_line    0x0000000000001564      0x72a STM32_F103C6_Drivers/STM32_F103C6_EXTI_Driver.o
 .debug_line    0x0000000000001c8e      0x6b2 STM32_F103C6_Drivers/STM32_F103C6_SPI_Driver.o
 .debug_line    0x0000000000002340      0x6bc STM32_F103C6_Drivers/STM32_F103C6_USART_Driver.o
 .debug_line    0x00000000000029fc      0x827 Src/main.o
 .debug_line    0x0000000000003223       0x84 Startup/startup_stm32f103c6tx.o

.debug_str      0x0000000000000000    0x13b70
 .debug_str     0x0000000000000000     0xa33b MY_RTOS/CortexMX_OS_porting.o
                                       0xa4d6 (size before relaxing)
 .debug_str     0x000000000000a33b     0x44c5 MY_RTOS/MYRTOS_FIFO.o
                                       0xe75e (size before relaxing)
 .debug_str     0x000000000000e800      0x340 MY_RTOS/Scheduler.o
                                       0xea66 (size before relaxing)
 .debug_str     0x000000000000eb40     0x3cf2 STM32_F103C6_Drivers/STM32_F103C6_EXTI_Driver.o
                                       0xab4c (size before relaxing)
 .debug_str     0x0000000000012832      0x80d STM32_F103C6_Drivers/STM32_F103C6_SPI_Driver.o
                                       0x9e61 (size before relaxing)
 .debug_str     0x000000000001303f      0x7ee STM32_F103C6_Drivers/STM32_F103C6_USART_Driver.o
                                       0x9eab (size before relaxing)
 .debug_str     0x000000000001382d      0x312 Src/main.o
                                      0x12446 (size before relaxing)
 .debug_str     0x0000000000013b3f       0x31 Startup/startup_stm32f103c6tx.o
                                         0x6b (size before relaxing)

.comment        0x0000000000000000       0x7b
 .comment       0x0000000000000000       0x7b MY_RTOS/CortexMX_OS_porting.o
                                         0x7c (size before relaxing)
 .comment       0x000000000000007b       0x7c MY_RTOS/MYRTOS_FIFO.o
 .comment       0x000000000000007b       0x7c MY_RTOS/Scheduler.o
 .comment       0x000000000000007b       0x7c STM32_F103C6_Drivers/STM32_F103C6_EXTI_Driver.o
 .comment       0x000000000000007b       0x7c STM32_F103C6_Drivers/STM32_F103C6_SPI_Driver.o
 .comment       0x000000000000007b       0x7c STM32_F103C6_Drivers/STM32_F103C6_USART_Driver.o
 .comment       0x000000000000007b       0x7c Src/main.o

.debug_frame    0x0000000000000000      0x98c
 .debug_frame   0x0000000000000000      0x140 MY_RTOS/CortexMX_OS_porting.o
 .debug_frame   0x0000000000000140       0xac MY_RTOS/MYRTOS_FIFO.o
 .debug_frame   0x00000000000001ec      0x270 MY_RTOS/Scheduler.o
 .debug_frame   0x000000000000045c      0x1b0 STM32_F103C6_Drivers/STM32_F103C6_EXTI_Driver.o
 .debug_frame   0x000000000000060c      0x148 STM32_F103C6_Drivers/STM32_F103C6_SPI_Driver.o
 .debug_frame   0x0000000000000754      0x14c STM32_F103C6_Drivers/STM32_F103C6_USART_Driver.o
 .debug_frame   0x00000000000008a0       0xa0 Src/main.o
 .debug_frame   0x0000000000000940       0x2c c:/st/stm32cubeide_1.4.0/stm32cubeide/plugins/com.st.stm32cube.ide.mcu.externaltools.gnu-tools-for-stm32.7-2018-q2-update.win32_1.4.0.202007081208/tools/bin/../lib/gcc/arm-none-eabi/7.3.1/../../../../arm-none-eabi/lib/thumb/v7-m\libc_nano.a(lib_a-init.o)
 .debug_frame   0x000000000000096c       0x20 c:/st/stm32cubeide_1.4.0/stm32cubeide/plugins/com.st.stm32cube.ide.mcu.externaltools.gnu-tools-for-stm32.7-2018-q2-update.win32_1.4.0.202007081208/tools/bin/../lib/gcc/arm-none-eabi/7.3.1/../../../../arm-none-eabi/lib/thumb/v7-m\libc_nano.a(lib_a-strcmp.o)
