main.c:65:6:SWITCH_CPU_AccessLevel	16	static,ignoring_inline_asm
main.c:91:6:NMI_Handler	4	static
main.c:96:6:HardFault_Handler	4	static
main.c:101:6:BusFault_Handler	4	static
main.c:106:6:EXTI9_CALLBACK	4	static
main.c:125:5:TaskA	24	static
main.c:131:5:TaskB	24	static
main.c:137:6:MainOs	8	static,ignoring_inline_asm
main.c:191:6:PendSV_Handler	4	static
main.c:198:6:OS_SVC_services	32	static
main.c:228:28:SVC_Handler	0	static,ignoring_inline_asm
main.c:237:5:OS_SVC_Set	32	static,ignoring_inline_asm
main.c:261:5:main	8	static
